Archive member included to satisfy reference by file (symbol)

c:/users/administrator/documents/toolstm/arm/bin/../lib/gcc/arm-none-eabi/10.3.1/../../../../arm-none-eabi/lib/thumb/v6-m/nofp\libc_nano.a(lib_a-exit.o)
                              c:/users/administrator/documents/toolstm/arm/bin/../lib/gcc/arm-none-eabi/10.3.1/../../../../arm-none-eabi/lib/thumb/v6-m/nofp/crt0.o (exit)
c:/users/administrator/documents/toolstm/arm/bin/../lib/gcc/arm-none-eabi/10.3.1/../../../../arm-none-eabi/lib/thumb/v6-m/nofp\libc_nano.a(lib_a-impure.o)
                              c:/users/administrator/documents/toolstm/arm/bin/../lib/gcc/arm-none-eabi/10.3.1/../../../../arm-none-eabi/lib/thumb/v6-m/nofp\libc_nano.a(lib_a-exit.o) (_global_impure_ptr)
c:/users/administrator/documents/toolstm/arm/bin/../lib/gcc/arm-none-eabi/10.3.1/../../../../arm-none-eabi/lib/thumb/v6-m/nofp\libc_nano.a(lib_a-init.o)
                              c:/users/administrator/documents/toolstm/arm/bin/../lib/gcc/arm-none-eabi/10.3.1/../../../../arm-none-eabi/lib/thumb/v6-m/nofp/crt0.o (__libc_init_array)
c:/users/administrator/documents/toolstm/arm/bin/../lib/gcc/arm-none-eabi/10.3.1/../../../../arm-none-eabi/lib/thumb/v6-m/nofp\libc_nano.a(lib_a-memset.o)
                              c:/users/administrator/documents/toolstm/arm/bin/../lib/gcc/arm-none-eabi/10.3.1/../../../../arm-none-eabi/lib/thumb/v6-m/nofp/crt0.o (memset)
c:/users/administrator/documents/toolstm/arm/bin/../lib/gcc/arm-none-eabi/10.3.1/../../../../arm-none-eabi/lib/thumb/v6-m/nofp\libnosys.a(_exit.o)
                              c:/users/administrator/documents/toolstm/arm/bin/../lib/gcc/arm-none-eabi/10.3.1/../../../../arm-none-eabi/lib/thumb/v6-m/nofp\libc_nano.a(lib_a-exit.o) (_exit)
c:/users/administrator/documents/toolstm/arm/bin/../lib/gcc/arm-none-eabi/10.3.1/thumb/v6-m/nofp\libgcc.a(_udivsi3.o)
                              build/stm32g0xx_hal_uart.o (__aeabi_uidiv)
c:/users/administrator/documents/toolstm/arm/bin/../lib/gcc/arm-none-eabi/10.3.1/thumb/v6-m/nofp\libgcc.a(_divsi3.o)
                              build/stm32g0xx_hal_uart_ex.o (__aeabi_idiv)
c:/users/administrator/documents/toolstm/arm/bin/../lib/gcc/arm-none-eabi/10.3.1/thumb/v6-m/nofp\libgcc.a(_dvmd_tls.o)
                              c:/users/administrator/documents/toolstm/arm/bin/../lib/gcc/arm-none-eabi/10.3.1/thumb/v6-m/nofp\libgcc.a(_udivsi3.o) (__aeabi_idiv0)
c:/users/administrator/documents/toolstm/arm/bin/../lib/gcc/arm-none-eabi/10.3.1/thumb/v6-m/nofp\libgcc.a(_aeabi_uldivmod.o)
                              build/stm32g0xx_hal_uart.o (__aeabi_uldivmod)
c:/users/administrator/documents/toolstm/arm/bin/../lib/gcc/arm-none-eabi/10.3.1/thumb/v6-m/nofp\libgcc.a(_udivmoddi4.o)
                              c:/users/administrator/documents/toolstm/arm/bin/../lib/gcc/arm-none-eabi/10.3.1/thumb/v6-m/nofp\libgcc.a(_aeabi_uldivmod.o) (__udivmoddi4)
c:/users/administrator/documents/toolstm/arm/bin/../lib/gcc/arm-none-eabi/10.3.1/thumb/v6-m/nofp\libgcc.a(_clzdi2.o)
                              c:/users/administrator/documents/toolstm/arm/bin/../lib/gcc/arm-none-eabi/10.3.1/thumb/v6-m/nofp\libgcc.a(_udivmoddi4.o) (__clzdi2)
c:/users/administrator/documents/toolstm/arm/bin/../lib/gcc/arm-none-eabi/10.3.1/thumb/v6-m/nofp\libgcc.a(_clzsi2.o)
                              c:/users/administrator/documents/toolstm/arm/bin/../lib/gcc/arm-none-eabi/10.3.1/thumb/v6-m/nofp\libgcc.a(_clzdi2.o) (__clzsi2)

Discarded input sections

 .text          0x00000000        0x0 c:/users/administrator/documents/toolstm/arm/bin/../lib/gcc/arm-none-eabi/10.3.1/thumb/v6-m/nofp/crti.o
 .data          0x00000000        0x0 c:/users/administrator/documents/toolstm/arm/bin/../lib/gcc/arm-none-eabi/10.3.1/thumb/v6-m/nofp/crti.o
 .bss           0x00000000        0x0 c:/users/administrator/documents/toolstm/arm/bin/../lib/gcc/arm-none-eabi/10.3.1/thumb/v6-m/nofp/crti.o
 .data          0x00000000        0x4 c:/users/administrator/documents/toolstm/arm/bin/../lib/gcc/arm-none-eabi/10.3.1/thumb/v6-m/nofp/crtbegin.o
 .rodata        0x00000000       0x24 c:/users/administrator/documents/toolstm/arm/bin/../lib/gcc/arm-none-eabi/10.3.1/thumb/v6-m/nofp/crtbegin.o
 .text          0x00000000       0x80 c:/users/administrator/documents/toolstm/arm/bin/../lib/gcc/arm-none-eabi/10.3.1/../../../../arm-none-eabi/lib/thumb/v6-m/nofp/crt0.o
 .data          0x00000000        0x0 c:/users/administrator/documents/toolstm/arm/bin/../lib/gcc/arm-none-eabi/10.3.1/../../../../arm-none-eabi/lib/thumb/v6-m/nofp/crt0.o
 .bss           0x00000000        0x0 c:/users/administrator/documents/toolstm/arm/bin/../lib/gcc/arm-none-eabi/10.3.1/../../../../arm-none-eabi/lib/thumb/v6-m/nofp/crt0.o
 .ARM.extab     0x00000000        0x0 c:/users/administrator/documents/toolstm/arm/bin/../lib/gcc/arm-none-eabi/10.3.1/../../../../arm-none-eabi/lib/thumb/v6-m/nofp/crt0.o
[...]
Memory Configuration

Name             Origin             Length             Attributes
RAM              0x20000000         0x00024000         xrw
FLASH            0x08000000         0x00080000         xr
*default*        0x00000000         0xffffffff

Linker script and memory map

LOAD c:/users/administrator/documents/toolstm/arm/bin/../lib/gcc/arm-none-eabi/10.3.1/thumb/v6-m/nofp/crti.o
LOAD c:/users/administrator/documents/toolstm/arm/bin/../lib/gcc/arm-none-eabi/10.3.1/thumb/v6-m/nofp/crtbegin.o
LOAD c:/users/administrator/documents/toolstm/arm/bin/../lib/gcc/arm-none-eabi/10.3.1/../../../../arm-none-eabi/lib/thumb/v6-m/nofp/crt0.o
LOAD build/main.o
LOAD build/stm32g0xx_it.o
LOAD build/stm32g0xx_hal_msp.o
LOAD build/stm32g0xx_hal_tim.o
LOAD build/stm32g0xx_hal_tim_ex.o
LOAD build/stm32g0xx_hal_uart.o
LOAD build/stm32g0xx_hal_uart_ex.o
LOAD build/stm32g0xx_hal_rcc.o
LOAD build/stm32g0xx_hal_rcc_ex.o
LOAD build/stm32g0xx_ll_rcc.o
LOAD build/stm32g0xx_hal_flash.o
LOAD build/stm32g0xx_hal_flash_ex.o
LOAD build/stm32g0xx_hal_gpio.o
LOAD build/stm32g0xx_hal_dma.o
LOAD build/stm32g0xx_hal_dma_ex.o
LOAD build/stm32g0xx_ll_dma.o
LOAD build/stm32g0xx_hal_pwr.o
LOAD build/stm32g0xx_hal_pwr_ex.o
LOAD build/stm32g0xx_hal_cortex.o
LOAD build/stm32g0xx_hal.o
LOAD build/stm32g0xx_hal_exti.o
LOAD build/system_stm32g0xx.o
LOAD build/startup_stm32g0b1xx.o
LOAD c:/users/administrator/documents/toolstm/arm/bin/../lib/gcc/arm-none-eabi/10.3.1/../../../../arm-none-eabi/lib/thumb/v6-m/nofp\libc_nano.a
LOAD c:/users/administrator/documents/toolstm/arm/bin/../lib/gcc/arm-none-eabi/10.3.1/../../../../arm-none-eabi/lib/thumb/v6-m/nofp\libm.a
LOAD c:/users/administrator/documents/toolstm/arm/bin/../lib/gcc/arm-none-eabi/10.3.1/../../../../arm-none-eabi/lib/thumb/v6-m/nofp\libnosys.a
START GROUP
LOAD c:/users/administrator/documents/toolstm/arm/bin/../lib/gcc/arm-none-eabi/10.3.1/thumb/v6-m/nofp\libgcc.a
LOAD c:/users/administrator/documents/toolstm/arm/bin/../lib/gcc/arm-none-eabi/10.3.1/../../../../arm-none-eabi/lib/thumb/v6-m/nofp\libc_nano.a
END GROUP
START GROUP
LOAD c:/users/administrator/documents/toolstm/arm/bin/../lib/gcc/arm-none-eabi/10.3.1/thumb/v6-m/nofp\libgcc.a
LOAD c:/users/administrator/documents/toolstm/arm/bin/../lib/gcc/arm-none-eabi/10.3.1/../../../../arm-none-eabi/lib/thumb/v6-m/nofp\libc_nano.a
END GROUP
LOAD c:/users/administrator/documents/toolstm/arm/bin/../lib/gcc/arm-none-eabi/10.3.1/thumb/v6-m/nofp/crtend.o
LOAD c:/users/administrator/documents/toolstm/arm/bin/../lib/gcc/arm-none-eabi/10.3.1/thumb/v6-m/nofp/crtn.o
                0x20024000                _estack = (ORIGIN (RAM) + LENGTH (RAM))
                0x00000200                _Min_Heap_Size = 0x200
                0x00000400                _Min_Stack_Size = 0x400

.isr_vector     0x08000000       0xbc
                0x08000000                . = ALIGN (0x4)
 *(.isr_vector)
 .isr_vector    0x08000000       0xbc build/startup_stm32g0b1xx.o
                0x08000000                g_pfnVectors
                0x080000bc                . = ALIGN (0x4)

.text           0x080000bc     0x3760
                0x080000bc                . = ALIGN (0x4)
 *(.text)
 .text          0x080000bc       0x48 c:/users/administrator/documents/toolstm/arm/bin/../lib/gcc/arm-none-eabi/10.3.1/thumb/v6-m/nofp/crtbegin.o
 .text          0x08000104      0x114 c:/users/administrator/documents/toolstm/arm/bin/../lib/gcc/arm-none-eabi/10.3.1/thumb/v6-m/nofp\libgcc.a(_udivsi3.o)
                0x08000104                __aeabi_uidiv
                0x08000104                __udivsi3
                0x08000210                __aeabi_uidivmod
 .text          0x08000218      0x1d4 c:/users/administrator/documents/toolstm/arm/bin/../lib/gcc/arm-none-eabi/10.3.1/thumb/v6-m/nofp\libgcc.a(_divsi3.o)
                0x08000218                __divsi3
                0x08000218                __aeabi_idiv
                0x080003e4                __aeabi_idivmod
 .text          0x080003ec        0x4 c:/users/administrator/documents/toolstm/arm/bin/../lib/gcc/arm-none-eabi/10.3.1/thumb/v6-m/nofp\libgcc.a(_dvmd_tls.o)
                0x080003ec                __aeabi_idiv0
                0x080003ec                __aeabi_ldiv0
 .text          0x080003f0       0x40 c:/users/administrator/documents/toolstm/arm/bin/../lib/gcc/arm-none-eabi/10.3.1/thumb/v6-m/nofp\libgcc.a(_aeabi_uldivmod.o)
                0x080003f0                __aeabi_uldivmod
 .text          0x08000430      0x198 c:/users/administrator/documents/toolstm/arm/bin/../lib/gcc/arm-none-eabi/10.3.1/thumb/v6-m/nofp\libgcc.a(_udivmoddi4.o)
                0x08000430                __udivmoddi4
 .text          0x080005c8       0x18 c:/users/administrator/documents/toolstm/arm/bin/../lib/gcc/arm-none-eabi/10.3.1/thumb/v6-m/nofp\libgcc.a(_clzdi2.o)
                0x080005c8                __clzdi2
 .text          0x080005e0       0x3c c:/users/administrator/documents/toolstm/arm/bin/../lib/gcc/arm-none-eabi/10.3.1/thumb/v6-m/nofp\libgcc.a(_clzsi2.o)
                0x080005e0                __clzsi2
 *(.text*)
 .text.main     0x0800061c       0x34 build/main.o
                0x0800061c                main
 .text.SystemClock_Config
                0x08000650       0xbc build/main.o
                0x08000650                SystemClock_Config
 .text.MX_TIM2_Init
                0x0800070c       0xa8 build/main.o
 .text.MX_TIM3_Init
                0x080007b4       0xb0 build/main.o
 .text.MX_USART2_UART_Init
                0x08000864       0x9c build/main.o
 .text.MX_GPIO_Init
                0x08000900       0xa0 build/main.o
 .text.Error_Handler
                0x080009a0        0xa build/main.o
                0x080009a0                Error_Handler
 .text.NMI_Handler
                0x080009aa        0x6 build/stm32g0xx_it.o
                0x080009aa                NMI_Handler
 .text.HardFault_Handler
                0x080009b0        0x6 build/stm32g0xx_it.o
                0x080009b0                HardFault_Handler
 .text.SVC_Handler
                0x080009b6        0xa build/stm32g0xx_it.o
                0x080009b6                SVC_Handler
 .text.PendSV_Handler
                0x080009c0        0xa build/stm32g0xx_it.o
                0x080009c0                PendSV_Handler
 .text.SysTick_Handler
                0x080009ca        0xe build/stm32g0xx_it.o
                0x080009ca                SysTick_Handler
 .text.TIM3_TIM4_IRQHandler
                0x080009d8       0x18 build/stm32g0xx_it.o
                0x080009d8                TIM3_TIM4_IRQHandler
 .text.HAL_MspInit
                0x080009f0       0x50 build/stm32g0xx_hal_msp.o
                0x080009f0                HAL_MspInit
 .text.HAL_TIM_Base_MspInit
                0x08000a40       0x70 build/stm32g0xx_hal_msp.o
                0x08000a40                HAL_TIM_Base_MspInit
 .text.HAL_UART_MspInit
                0x08000ab0       0xc0 build/stm32g0xx_hal_msp.o
                0x08000ab0                HAL_UART_MspInit
 .text.HAL_TIM_Base_Init
                0x08000b70       0xb0 build/stm32g0xx_hal_tim.o
                0x08000b70                HAL_TIM_Base_Init
 .text.HAL_TIM_IRQHandler
                0x08000c20      0x210 build/stm32g0xx_hal_tim.o
                0x08000c20                HAL_TIM_IRQHandler
 .text.HAL_TIM_ConfigClockSource
                0x08000e30      0x1ac build/stm32g0xx_hal_tim.o
                0x08000e30                HAL_TIM_ConfigClockSource
 .text.HAL_TIM_PeriodElapsedCallback
                0x08000fdc       0x10 build/stm32g0xx_hal_tim.o
                0x08000fdc                HAL_TIM_PeriodElapsedCallback
 .text.HAL_TIM_OC_DelayElapsedCallback
                0x08000fec       0x10 build/stm32g0xx_hal_tim.o
                0x08000fec                HAL_TIM_OC_DelayElapsedCallback
 .text.HAL_TIM_IC_CaptureCallback
                0x08000ffc       0x10 build/stm32g0xx_hal_tim.o
                0x08000ffc                HAL_TIM_IC_CaptureCallback
 .text.HAL_TIM_PWM_PulseFinishedCallback
                0x0800100c       0x10 build/stm32g0xx_hal_tim.o
                0x0800100c                HAL_TIM_PWM_PulseFinishedCallback
 .text.HAL_TIM_TriggerCallback
                0x0800101c       0x10 build/stm32g0xx_hal_tim.o
                0x0800101c                HAL_TIM_TriggerCallback
 .text.TIM_Base_SetConfig
                0x0800102c      0x130 build/stm32g0xx_hal_tim.o
                0x0800102c                TIM_Base_SetConfig
 .text.TIM_TI1_ConfigInputStage
                0x0800115c       0x5c build/stm32g0xx_hal_tim.o
 .text.TIM_TI2_ConfigInputStage
                0x080011b8       0x64 build/stm32g0xx_hal_tim.o
 .text.TIM_ITRx_SetConfig
                0x0800121c       0x38 build/stm32g0xx_hal_tim.o
 .text.TIM_ETR_SetConfig
                0x08001254       0x40 build/stm32g0xx_hal_tim.o
                0x08001254                TIM_ETR_SetConfig
 .text.HAL_TIMEx_MasterConfigSynchronization
                0x08001294       0xec build/stm32g0xx_hal_tim_ex.o
                0x08001294                HAL_TIMEx_MasterConfigSynchronization
 .text.HAL_TIMEx_CommutCallback
                0x08001380       0x10 build/stm32g0xx_hal_tim_ex.o
                0x08001380                HAL_TIMEx_CommutCallback
 .text.HAL_TIMEx_BreakCallback
                0x08001390       0x10 build/stm32g0xx_hal_tim_ex.o
                0x08001390                HAL_TIMEx_BreakCallback
 .text.HAL_TIMEx_Break2Callback
                0x080013a0       0x10 build/stm32g0xx_hal_tim_ex.o
                0x080013a0                HAL_TIMEx_Break2Callback
 .text.HAL_UART_Init
                0x080013b0       0xac build/stm32g0xx_hal_uart.o
                0x080013b0                HAL_UART_Init
 .text.UART_SetConfig
                0x0800145c      0x6ac build/stm32g0xx_hal_uart.o
                0x0800145c                UART_SetConfig
 .text.UART_AdvFeatureConfig
                0x08001b08      0x168 build/stm32g0xx_hal_uart.o
                0x08001b08                UART_AdvFeatureConfig
 .text.UART_CheckIdleState
                0x08001c70      0x154 build/stm32g0xx_hal_uart.o
                0x08001c70                UART_CheckIdleState
 .text.UART_WaitOnFlagUntilTimeout
                0x08001dc4       0xde build/stm32g0xx_hal_uart.o
                0x08001dc4                UART_WaitOnFlagUntilTimeout
 *fill*         0x08001ea2        0x2 
 .text.UART_EndRxTransfer
                0x08001ea4       0xcc build/stm32g0xx_hal_uart.o
 .text.HAL_UARTEx_DisableFifoMode
                0x08001f70       0x74 build/stm32g0xx_hal_uart_ex.o
                0x08001f70                HAL_UARTEx_DisableFifoMode
 .text.HAL_UARTEx_SetTxFifoThreshold
                0x08001fe4       0x7e build/stm32g0xx_hal_uart_ex.o
                0x08001fe4                HAL_UARTEx_SetTxFifoThreshold
 *fill*         0x08002062        0x2 
 .text.HAL_UARTEx_SetRxFifoThreshold
                0x08002064       0x84 build/stm32g0xx_hal_uart_ex.o
                0x08002064                HAL_UARTEx_SetRxFifoThreshold
 .text.UARTEx_SetNbDataToProcess
                0x080020e8       0xbc build/stm32g0xx_hal_uart_ex.o
 .text.LL_RCC_GetAPB1Prescaler
                0x080021a4       0x18 build/stm32g0xx_hal_rcc.o
 .text.HAL_RCC_OscConfig
                0x080021bc      0x6c0 build/stm32g0xx_hal_rcc.o
                0x080021bc                HAL_RCC_OscConfig
 .text.HAL_RCC_ClockConfig
                0x0800287c      0x210 build/stm32g0xx_hal_rcc.o
                0x0800287c                HAL_RCC_ClockConfig
 .text.HAL_RCC_GetSysClockFreq
                0x08002a8c      0x104 build/stm32g0xx_hal_rcc.o
                0x08002a8c                HAL_RCC_GetSysClockFreq
 .text.HAL_RCC_GetHCLKFreq
                0x08002b90       0x14 build/stm32g0xx_hal_rcc.o
                0x08002b90                HAL_RCC_GetHCLKFreq
 .text.HAL_RCC_GetPCLK1Freq
                0x08002ba4       0x2c build/stm32g0xx_hal_rcc.o
                0x08002ba4                HAL_RCC_GetPCLK1Freq
 .text.HAL_RCCEx_PeriphCLKConfig
                0x08002bd0      0x478 build/stm32g0xx_hal_rcc_ex.o
                0x08002bd0                HAL_RCCEx_PeriphCLKConfig
 .text.HAL_GPIO_Init
                0x08003048      0x2d8 build/stm32g0xx_hal_gpio.o
                0x08003048                HAL_GPIO_Init
 .text.HAL_GPIO_WritePin
                0x08003320       0x3a build/stm32g0xx_hal_gpio.o
                0x08003320                HAL_GPIO_WritePin
 .text.HAL_GPIO_TogglePin
                0x0800335a       0x36 build/stm32g0xx_hal_gpio.o
                0x0800335a                HAL_GPIO_TogglePin
 .text.HAL_PWREx_ControlVoltageScaling
                0x08003390       0x80 build/stm32g0xx_hal_pwr_ex.o
                0x08003390                HAL_PWREx_ControlVoltageScaling
 .text.__NVIC_EnableIRQ
                0x08003410       0x34 build/stm32g0xx_hal_cortex.o
 .text.__NVIC_SetPriority
                0x08003444       0xdc build/stm32g0xx_hal_cortex.o
 .text.SysTick_Config
                0x08003520       0x48 build/stm32g0xx_hal_cortex.o
 .text.HAL_NVIC_SetPriority
                0x08003568       0x2a build/stm32g0xx_hal_cortex.o
                0x08003568                HAL_NVIC_SetPriority
 .text.HAL_NVIC_EnableIRQ
                0x08003592       0x20 build/stm32g0xx_hal_cortex.o
                0x08003592                HAL_NVIC_EnableIRQ
 .text.HAL_SYSTICK_Config
                0x080035b2       0x1a build/stm32g0xx_hal_cortex.o
                0x080035b2                HAL_SYSTICK_Config
 .text.HAL_Init
                0x080035cc       0x40 build/stm32g0xx_hal.o
                0x080035cc                HAL_Init
 .text.HAL_InitTick
                0x0800360c       0x94 build/stm32g0xx_hal.o
                0x0800360c                HAL_InitTick
 .text.HAL_IncTick
                0x080036a0       0x24 build/stm32g0xx_hal.o
                0x080036a0                HAL_IncTick
 .text.HAL_GetTick
                0x080036c4       0x14 build/stm32g0xx_hal.o
                0x080036c4                HAL_GetTick
 .text.HAL_Delay
                0x080036d8       0x48 build/stm32g0xx_hal.o
                0x080036d8                HAL_Delay
 .text.HAL_SYSCFG_StrobeDBattpinsConfig
                0x08003720       0x2c build/stm32g0xx_hal.o
                0x08003720                HAL_SYSCFG_StrobeDBattpinsConfig
 .text.SystemInit
                0x0800374c        0xa build/system_stm32g0xx.o
                0x0800374c                SystemInit
 *fill*         0x08003756        0x2 
 .text.Reset_Handler
                0x08003758       0x50 build/startup_stm32g0b1xx.o
                0x08003758                Reset_Handler
 .text.Default_Handler
                0x080037a8        0x2 build/startup_stm32g0b1xx.o
                0x080037a8                I2C2_3_IRQHandler
                0x080037a8                USART3_4_5_6_LPUART1_IRQHandler
                0x080037a8                TIM1_CC_IRQHandler
                0x080037a8                ADC1_COMP_IRQHandler
                0x080037a8                I2C1_IRQHandler
                0x080037a8                TIM7_LPTIM2_IRQHandler
                0x080037a8                TIM17_FDCAN_IT1_IRQHandler
                0x080037a8                DMA1_Ch4_7_DMA2_Ch1_5_DMAMUX1_OVR_IRQHandler
                0x080037a8                RCC_CRS_IRQHandler
                0x080037a8                RTC_TAMP_IRQHandler
                0x080037a8                SPI1_IRQHandler
                0x080037a8                USB_UCPD1_2_IRQHandler
                0x080037a8                EXTI2_3_IRQHandler
                0x080037a8                USART2_LPUART2_IRQHandler
                0x080037a8                PVD_VDDIO2_IRQHandler
                0x080037a8                EXTI4_15_IRQHandler
                0x080037a8                DMA1_Channel1_IRQHandler
                0x080037a8                Default_Handler
                0x080037a8                CEC_IRQHandler
                0x080037a8                TIM14_IRQHandler
                0x080037a8                TIM15_IRQHandler
                0x080037a8                EXTI0_1_IRQHandler
                0x080037a8                SPI2_3_IRQHandler
                0x080037a8                TIM6_DAC_LPTIM1_IRQHandler
                0x080037a8                WWDG_IRQHandler
                0x080037a8                TIM2_IRQHandler
                0x080037a8                DMA1_Channel2_3_IRQHandler
                0x080037a8                FLASH_IRQHandler
                0x080037a8                USART1_IRQHandler
                0x080037a8                TIM16_FDCAN_IT0_IRQHandler
                0x080037a8                TIM1_BRK_UP_TRG_COM_IRQHandler
 *fill*         0x080037aa        0x2 
 .text.__libc_init_array
                0x080037ac       0x48 c:/users/administrator/documents/toolstm/arm/bin/../lib/gcc/arm-none-eabi/10.3.1/../../../../arm-none-eabi/lib/thumb/v6-m/nofp\libc_nano.a(lib_a-init.o)
                0x080037ac                __libc_init_array
 .text.memset   0x080037f4       0x10 c:/users/administrator/documents/toolstm/arm/bin/../lib/gcc/arm-none-eabi/10.3.1/../../../../arm-none-eabi/lib/thumb/v6-m/nofp\libc_nano.a(lib_a-memset.o)
                0x080037f4                memset
 *(.glue_7)
 .glue_7        0x08003804        0x0 linker stubs
 *(.glue_7t)
 .glue_7t       0x08003804        0x0 linker stubs
 *(.eh_frame)
 .eh_frame      0x08003804        0x0 c:/users/administrator/documents/toolstm/arm/bin/../lib/gcc/arm-none-eabi/10.3.1/thumb/v6-m/nofp/crtbegin.o
 *(.init)
 .init          0x08003804        0x4 c:/users/administrator/documents/toolstm/arm/bin/../lib/gcc/arm-none-eabi/10.3.1/thumb/v6-m/nofp/crti.o
                0x08003804                _init
 .init          0x08003808        0x8 c:/users/administrator/documents/toolstm/arm/bin/../lib/gcc/arm-none-eabi/10.3.1/thumb/v6-m/nofp/crtn.o
 *(.fini)
 .fini          0x08003810        0x4 c:/users/administrator/documents/toolstm/arm/bin/../lib/gcc/arm-none-eabi/10.3.1/thumb/v6-m/nofp/crti.o
                0x08003810                _fini
 .fini          0x08003814        0x8 c:/users/administrator/documents/toolstm/arm/bin/../lib/gcc/arm-none-eabi/10.3.1/thumb/v6-m/nofp/crtn.o
                0x0800381c                . = ALIGN (0x4)
                0x0800381c                _etext = .

.vfp11_veneer   0x0800381c        0x0
 .vfp11_veneer  0x0800381c        0x0 linker stubs

.v4_bx          0x0800381c        0x0
 .v4_bx         0x0800381c        0x0 linker stubs

.iplt           0x0800381c        0x0
 .iplt          0x0800381c        0x0 c:/users/administrator/documents/toolstm/arm/bin/../lib/gcc/arm-none-eabi/10.3.1/thumb/v6-m/nofp/crtbegin.o

.rodata         0x0800381c       0x88
                0x0800381c                . = ALIGN (0x4)
 *(.rodata)
 *(.rodata*)
 .rodata.UARTPrescTable
                0x0800381c       0x18 build/stm32g0xx_hal_uart.o
                0x0800381c                UARTPrescTable
 .rodata.numerator.1
                0x08003834        0x8 build/stm32g0xx_hal_uart_ex.o
 .rodata.denominator.0
                0x0800383c        0x8 build/stm32g0xx_hal_uart_ex.o
 .rodata.AHBPrescTable
                0x08003844       0x40 build/system_stm32g0xx.o
                0x08003844                AHBPrescTable
 .rodata.APBPrescTable
                0x08003884       0x20 build/system_stm32g0xx.o
                0x08003884                APBPrescTable
                0x080038a4                . = ALIGN (0x4)

.ARM.extab
 *(.ARM.extab* .gnu.linkonce.armextab.*)

.ARM            0x080038a4        0x8
                0x080038a4                __exidx_start = .
 *(.ARM.exidx*)
 .ARM.exidx     0x080038a4        0x8 c:/users/administrator/documents/toolstm/arm/bin/../lib/gcc/arm-none-eabi/10.3.1/thumb/v6-m/nofp\libgcc.a(_udivmoddi4.o)
                0x080038ac                __exidx_end = .

.rel.dyn        0x080038ac        0x0
 .rel.iplt      0x080038ac        0x0 c:/users/administrator/documents/toolstm/arm/bin/../lib/gcc/arm-none-eabi/10.3.1/thumb/v6-m/nofp/crtbegin.o

.preinit_array  0x080038ac        0x0
                0x080038ac                PROVIDE (__preinit_array_start = .)
 *(.preinit_array*)
                0x080038ac                PROVIDE (__preinit_array_end = .)

.init_array     0x080038ac        0x4
                0x080038ac                PROVIDE (__init_array_start = .)
 *(SORT_BY_NAME(.init_array.*))
 *(.init_array*)
 .init_array    0x080038ac        0x4 c:/users/administrator/documents/toolstm/arm/bin/../lib/gcc/arm-none-eabi/10.3.1/thumb/v6-m/nofp/crtbegin.o
                0x080038b0                PROVIDE (__init_array_end = .)

.fini_array     0x080038b0        0x4
                [!provide]                PROVIDE (__fini_array_start = .)
 *(SORT_BY_NAME(.fini_array.*))
 *(.fini_array*)
 .fini_array    0x080038b0        0x4 c:/users/administrator/documents/toolstm/arm/bin/../lib/gcc/arm-none-eabi/10.3.1/thumb/v6-m/nofp/crtbegin.o
                [!provide]                PROVIDE (__fini_array_end = .)
                0x080038b4                _sidata = LOADADDR (.data)

.data           0x20000000        0xc load address 0x080038b4
                0x20000000                . = ALIGN (0x4)
                0x20000000                _sdata = .
 *(.data)
 *(.data*)
 .data.uwTickPrio
                0x20000000        0x4 build/stm32g0xx_hal.o
                0x20000000                uwTickPrio
 .data.uwTickFreq
                0x20000004        0x1 build/stm32g0xx_hal.o
                0x20000004                uwTickFreq
 *fill*         0x20000005        0x3 
 .data.SystemCoreClock
                0x20000008        0x4 build/system_stm32g0xx.o
                0x20000008                SystemCoreClock
                0x2000000c                . = ALIGN (0x4)
                0x2000000c                _edata = .

.igot.plt       0x2000000c        0x0 load address 0x080038c0
 .igot.plt      0x2000000c        0x0 c:/users/administrator/documents/toolstm/arm/bin/../lib/gcc/arm-none-eabi/10.3.1/thumb/v6-m/nofp/crtbegin.o
                0x2000000c                . = ALIGN (0x4)

.bss            0x2000000c      0x14c load address 0x080038c0
                0x2000000c                _sbss = .
                0x2000000c                __bss_start__ = _sbss
 *(.bss)
 .bss           0x2000000c       0x1c c:/users/administrator/documents/toolstm/arm/bin/../lib/gcc/arm-none-eabi/10.3.1/thumb/v6-m/nofp/crtbegin.o
 *(.bss*)
 .bss.htim2     0x20000028       0x4c build/main.o
                0x20000028                htim2
 .bss.htim3     0x20000074       0x4c build/main.o
                0x20000074                htim3
 .bss.huart2    0x200000c0       0x94 build/main.o
                0x200000c0                huart2
 .bss.uwTick    0x20000154        0x4 build/stm32g0xx_hal.o
                0x20000154                uwTick
 *(COMMON)
                0x20000158                . = ALIGN (0x4)
                0x20000158                _ebss = .
                0x20000158                __bss_end__ = _ebss

._user_heap_stack
                0x20000158      0x600 load address 0x080038c0
                0x20000158                . = ALIGN (0x8)
                [!provide]                PROVIDE (end = .)
                [!provide]                PROVIDE (_end = .)
                0x20000358                . = (. + _Min_Heap_Size)
 *fill*         0x20000158      0x200 
                0x20000758                . = (. + _Min_Stack_Size)
 *fill*         0x20000358      0x400 
                0x20000758                . = ALIGN (0x8)

/DISCARD/
 libc.a(*)
 libm.a(*)
 libgcc.a(*)

.ARM.attributes
                0x00000000       0x28
 *(.ARM.attributes)
 .ARM.attributes
                0x00000000       0x1e c:/users/administrator/documents/toolstm/arm/bin/../lib/gcc/arm-none-eabi/10.3.1/thumb/v6-m/nofp/crti.o
 .ARM.attributes
                0x0000001e       0x2c c:/users/administrator/documents/toolstm/arm/bin/../lib/gcc/arm-none-eabi/10.3.1/thumb/v6-m/nofp/crtbegin.o
 .ARM.attributes
                0x0000004a       0x2c build/main.o
 .ARM.attributes
                0x00000076       0x2c build/stm32g0xx_it.o
 .ARM.attributes
                0x000000a2       0x2c build/stm32g0xx_hal_msp.o
 .ARM.attributes
                0x000000ce       0x2c build/stm32g0xx_hal_tim.o
 .ARM.attributes
                0x000000fa       0x2c build/stm32g0xx_hal_tim_ex.o
 .ARM.attributes
                0x00000126       0x2c build/stm32g0xx_hal_uart.o
 .ARM.attributes
                0x00000152       0x2c build/stm32g0xx_hal_uart_ex.o
 .ARM.attributes
                0x0000017e       0x2c build/stm32g0xx_hal_rcc.o
 .ARM.attributes
                0x000001aa       0x2c build/stm32g0xx_hal_rcc_ex.o
 .ARM.attributes
                0x000001d6       0x2c build/stm32g0xx_hal_gpio.o
 .ARM.attributes
                0x00000202       0x2c build/stm32g0xx_hal_pwr_ex.o
 .ARM.attributes
                0x0000022e       0x2c build/stm32g0xx_hal_cortex.o
 .ARM.attributes
                0x0000025a       0x2c build/stm32g0xx_hal.o
 .ARM.attributes
                0x00000286       0x2c build/system_stm32g0xx.o
 .ARM.attributes
                0x000002b2       0x22 build/startup_stm32g0b1xx.o
 .ARM.attributes
                0x000002d4       0x2c c:/users/administrator/documents/toolstm/arm/bin/../lib/gcc/arm-none-eabi/10.3.1/../../../../arm-none-eabi/lib/thumb/v6-m/nofp\libc_nano.a(lib_a-init.o)
 .ARM.attributes
                0x00000300       0x2c c:/users/administrator/documents/toolstm/arm/bin/../lib/gcc/arm-none-eabi/10.3.1/../../../../arm-none-eabi/lib/thumb/v6-m/nofp\libc_nano.a(lib_a-memset.o)
 .ARM.attributes
                0x0000032c       0x1e c:/users/administrator/documents/toolstm/arm/bin/../lib/gcc/arm-none-eabi/10.3.1/thumb/v6-m/nofp\libgcc.a(_udivsi3.o)
 .ARM.attributes
                0x0000034a       0x1e c:/users/administrator/documents/toolstm/arm/bin/../lib/gcc/arm-none-eabi/10.3.1/thumb/v6-m/nofp\libgcc.a(_divsi3.o)
 .ARM.attributes
                0x00000368       0x1e c:/users/administrator/documents/toolstm/arm/bin/../lib/gcc/arm-none-eabi/10.3.1/thumb/v6-m/nofp\libgcc.a(_dvmd_tls.o)
 .ARM.attributes
                0x00000386       0x1e c:/users/administrator/documents/toolstm/arm/bin/../lib/gcc/arm-none-eabi/10.3.1/thumb/v6-m/nofp\libgcc.a(_aeabi_uldivmod.o)
 .ARM.attributes
                0x000003a4       0x2c c:/users/administrator/documents/toolstm/arm/bin/../lib/gcc/arm-none-eabi/10.3.1/thumb/v6-m/nofp\libgcc.a(_udivmoddi4.o)
 .ARM.attributes
                0x000003d0       0x1e c:/users/administrator/documents/toolstm/arm/bin/../lib/gcc/arm-none-eabi/10.3.1/thumb/v6-m/nofp\libgcc.a(_clzdi2.o)
 .ARM.attributes
                0x000003ee       0x1e c:/users/administrator/documents/toolstm/arm/bin/../lib/gcc/arm-none-eabi/10.3.1/thumb/v6-m/nofp\libgcc.a(_clzsi2.o)
 .ARM.attributes
                0x0000040c       0x1e c:/users/administrator/documents/toolstm/arm/bin/../lib/gcc/arm-none-eabi/10.3.1/thumb/v6-m/nofp/crtn.o
OUTPUT(build/blinkwithGCC.elf elf32-littlearm)
LOAD linker stubs
LOAD c:/users/administrator/documents/toolstm/arm/bin/../lib/gcc/arm-none-eabi/10.3.1/../../../../arm-none-eabi/lib/thumb/v6-m/nofp\libc.a
LOAD c:/users/administrator/documents/toolstm/arm/bin/../lib/gcc/arm-none-eabi/10.3.1/../../../../arm-none-eabi/lib/thumb/v6-m/nofp\libm.a
LOAD c:/users/administrator/documents/toolstm/arm/bin/../lib/gcc/arm-none-eabi/10.3.1/thumb/v6-m/nofp\libgcc.a

.debug_info     0x00000000    0x11dbc
 .debug_info    0x00000000     0x13af build/main.o
 .debug_info    0x000013af      0x927 build/stm32g0xx_it.o
 .debug_info    0x00001cd6     0x1352 build/stm32g0xx_hal_msp.o
 .debug_info    0x00003028     0x313c build/stm32g0xx_hal_tim.o
 .debug_info    0x00006164     0x1afd build/stm32g0xx_hal_tim_ex.o
 .debug_info    0x00007c61     0x4d18 build/stm32g0xx_hal_uart.o
 .debug_info    0x0000c979     0x10dd build/stm32g0xx_hal_uart_ex.o
 .debug_info    0x0000da56      0xcd4 build/stm32g0xx_hal_rcc.o
 .debug_info    0x0000e72a      0xb8d build/stm32g0xx_hal_rcc_ex.o
 .debug_info    0x0000f2b7      0x6bd build/stm32g0xx_hal_gpio.o
 .debug_info    0x0000f974      0xa25 build/stm32g0xx_hal_pwr_ex.o
 .debug_info    0x00010399      0xa2a build/stm32g0xx_hal_cortex.o
 .debug_info    0x00010dc3      0xc48 build/stm32g0xx_hal.o
 .debug_info    0x00011a0b      0x38f build/system_stm32g0xx.o
 .debug_info    0x00011d9a       0x22 build/startup_stm32g0b1xx.o

.debug_abbrev   0x00000000     0x1d2a
 .debug_abbrev  0x00000000      0x237 build/main.o
 .debug_abbrev  0x00000237      0x173 build/stm32g0xx_it.o
 .debug_abbrev  0x000003aa      0x1a1 build/stm32g0xx_hal_msp.o
 .debug_abbrev  0x0000054b      0x248 build/stm32g0xx_hal_tim.o
 .debug_abbrev  0x00000793      0x23f build/stm32g0xx_hal_tim_ex.o
 .debug_abbrev  0x000009d2      0x2bd build/stm32g0xx_hal_uart.o
 .debug_abbrev  0x00000c8f      0x282 build/stm32g0xx_hal_uart_ex.o
 .debug_abbrev  0x00000f11      0x25a build/stm32g0xx_hal_rcc.o
 .debug_abbrev  0x0000116b      0x1ef build/stm32g0xx_hal_rcc_ex.o
 .debug_abbrev  0x0000135a      0x1b8 build/stm32g0xx_hal_gpio.o
 .debug_abbrev  0x00001512      0x231 build/stm32g0xx_hal_pwr_ex.o
 .debug_abbrev  0x00001743      0x27c build/stm32g0xx_hal_cortex.o
 .debug_abbrev  0x000019bf      0x244 build/stm32g0xx_hal.o
 .debug_abbrev  0x00001c03      0x115 build/system_stm32g0xx.o
 .debug_abbrev  0x00001d18       0x12 build/startup_stm32g0b1xx.o

.debug_loc      0x00000000     0x56ea
 .debug_loc     0x00000000      0x166 build/main.o
 .debug_loc     0x00000166      0x108 build/stm32g0xx_it.o
 .debug_loc     0x0000026e      0x11a build/stm32g0xx_hal_msp.o
 .debug_loc     0x00000388     0x1a78 build/stm32g0xx_hal_tim.o
 .debug_loc     0x00001e00      0xa80 build/stm32g0xx_hal_tim_ex.o
 .debug_loc     0x00002880      0xf76 build/stm32g0xx_hal_uart.o
 .debug_loc     0x000037f6      0x3f0 build/stm32g0xx_hal_uart_ex.o
 .debug_loc     0x00003be6      0x358 build/stm32g0xx_hal_rcc.o
 .debug_loc     0x00003f3e      0x2e0 build/stm32g0xx_hal_rcc_ex.o
 .debug_loc     0x0000421e      0x1f8 build/stm32g0xx_hal_gpio.o
 .debug_loc     0x00004416      0x65c build/stm32g0xx_hal_pwr_ex.o
 .debug_loc     0x00004a72      0x574 build/stm32g0xx_hal_cortex.o
 .debug_loc     0x00004fe6      0x6a0 build/stm32g0xx_hal.o
 .debug_loc     0x00005686       0x64 build/system_stm32g0xx.o

.debug_aranges  0x00000000      0xe58
 .debug_aranges
                0x00000000       0x50 build/main.o
 .debug_aranges
                0x00000050       0x48 build/stm32g0xx_it.o
 .debug_aranges
                0x00000098       0x40 build/stm32g0xx_hal_msp.o
 .debug_aranges
                0x000000d8      0x3e0 build/stm32g0xx_hal_tim.o
 .debug_aranges
                0x000004b8      0x198 build/stm32g0xx_hal_tim_ex.o
 .debug_aranges
                0x00000650      0x248 build/stm32g0xx_hal_uart.o
 .debug_aranges
                0x00000898       0xa8 build/stm32g0xx_hal_uart_ex.o
 .debug_aranges
                0x00000940       0xa0 build/stm32g0xx_hal_rcc.o
 .debug_aranges
                0x000009e0       0x88 build/stm32g0xx_hal_rcc_ex.o
 .debug_aranges
                0x00000a68       0x60 build/stm32g0xx_hal_gpio.o
 .debug_aranges
                0x00000ac8      0x128 build/stm32g0xx_hal_pwr_ex.o
 .debug_aranges
                0x00000bf0       0xe8 build/stm32g0xx_hal_cortex.o
 .debug_aranges
                0x00000cd8      0x130 build/stm32g0xx_hal.o
 .debug_aranges
                0x00000e08       0x28 build/system_stm32g0xx.o
 .debug_aranges
                0x00000e30       0x28 build/startup_stm32g0b1xx.o

.debug_ranges   0x00000000      0xda0
 .debug_ranges  0x00000000       0x40 build/main.o
 .debug_ranges  0x00000040       0x38 build/stm32g0xx_it.o
 .debug_ranges  0x00000078       0x30 build/stm32g0xx_hal_msp.o
 .debug_ranges  0x000000a8      0x3d0 build/stm32g0xx_hal_tim.o
 .debug_ranges  0x00000478      0x188 build/stm32g0xx_hal_tim_ex.o
 .debug_ranges  0x00000600      0x268 build/stm32g0xx_hal_uart.o
 .debug_ranges  0x00000868       0x98 build/stm32g0xx_hal_uart_ex.o
 .debug_ranges  0x00000900       0x90 build/stm32g0xx_hal_rcc.o
 .debug_ranges  0x00000990       0x78 build/stm32g0xx_hal_rcc_ex.o
 .debug_ranges  0x00000a08       0x50 build/stm32g0xx_hal_gpio.o
 .debug_ranges  0x00000a58      0x118 build/stm32g0xx_hal_pwr_ex.o
 .debug_ranges  0x00000b70       0xd8 build/stm32g0xx_hal_cortex.o
 .debug_ranges  0x00000c48      0x120 build/stm32g0xx_hal.o
 .debug_ranges  0x00000d68       0x18 build/system_stm32g0xx.o
 .debug_ranges  0x00000d80       0x20 build/startup_stm32g0b1xx.o

.debug_line     0x00000000     0xc2b1
 .debug_line    0x00000000      0x3d8 build/main.o
 .debug_line    0x000003d8      0x22a build/stm32g0xx_it.o
 .debug_line    0x00000602      0x2c5 build/stm32g0xx_hal_msp.o
 .debug_line    0x000008c7     0x3748 build/stm32g0xx_hal_tim.o
 .debug_line    0x0000400f     0x175e build/stm32g0xx_hal_tim_ex.o
 .debug_line    0x0000576d     0x3137 build/stm32g0xx_hal_uart.o
 .debug_line    0x000088a4      0x8c9 build/stm32g0xx_hal_uart_ex.o
 .debug_line    0x0000916d      0xa5e build/stm32g0xx_hal_rcc.o
 .debug_line    0x00009bcb      0xc0a build/stm32g0xx_hal_rcc_ex.o
 .debug_line    0x0000a7d5      0x5dd build/stm32g0xx_hal_gpio.o
 .debug_line    0x0000adb2      0x689 build/stm32g0xx_hal_pwr_ex.o
 .debug_line    0x0000b43b      0x62d build/stm32g0xx_hal_cortex.o
 .debug_line    0x0000ba68      0x5c5 build/stm32g0xx_hal.o
 .debug_line    0x0000c02d      0x20d build/system_stm32g0xx.o
 .debug_line    0x0000c23a       0x77 build/startup_stm32g0b1xx.o

.debug_str      0x00000000     0x475c
 .debug_str     0x00000000      0xcd9 build/main.o
                                0xdd5 (size before relaxing)
 .debug_str     0x00000cd9       0x76 build/stm32g0xx_it.o
                                0x814 (size before relaxing)
 .debug_str     0x00000d4f      0x452 build/stm32g0xx_hal_msp.o
                                0xfbe (size before relaxing)
 .debug_str     0x000011a1      0xeaa build/stm32g0xx_hal_tim.o
                               0x1782 (size before relaxing)
 .debug_str     0x0000204b      0x6e0 build/stm32g0xx_hal_tim_ex.o
                               0x10b0 (size before relaxing)
 .debug_str     0x0000272b      0x834 build/stm32g0xx_hal_uart.o
                               0x108b (size before relaxing)
 .debug_str     0x00002f5f      0x2ed build/stm32g0xx_hal_uart_ex.o
                                0xabf (size before relaxing)
 .debug_str     0x0000324c      0x399 build/stm32g0xx_hal_rcc.o
                                0x7ca (size before relaxing)
 .debug_str     0x000035e5      0x2db build/stm32g0xx_hal_rcc_ex.o
                                0x84d (size before relaxing)
 .debug_str     0x000038c0      0x1a1 build/stm32g0xx_hal_gpio.o
                                0x42b (size before relaxing)
 .debug_str     0x00003a61      0x4bd build/stm32g0xx_hal_pwr_ex.o
                                0x79e (size before relaxing)
 .debug_str     0x00003f1e      0x39c build/stm32g0xx_hal_cortex.o
                                0x7eb (size before relaxing)
 .debug_str     0x000042ba      0x441 build/stm32g0xx_hal.o
                                0xa29 (size before relaxing)
 .debug_str     0x000046fb       0x3d build/system_stm32g0xx.o
                                0x2da (size before relaxing)
 .debug_str     0x00004738       0x24 build/startup_stm32g0b1xx.o
                                 0x60 (size before relaxing)

.comment        0x00000000       0x49
 .comment       0x00000000       0x49 build/main.o
                                 0x4a (size before relaxing)
 .comment       0x00000049       0x4a build/stm32g0xx_it.o
 .comment       0x00000049       0x4a build/stm32g0xx_hal_msp.o
 .comment       0x00000049       0x4a build/stm32g0xx_hal_tim.o
 .comment       0x00000049       0x4a build/stm32g0xx_hal_tim_ex.o
 .comment       0x00000049       0x4a build/stm32g0xx_hal_uart.o
 .comment       0x00000049       0x4a build/stm32g0xx_hal_uart_ex.o
 .comment       0x00000049       0x4a build/stm32g0xx_hal_rcc.o
 .comment       0x00000049       0x4a build/stm32g0xx_hal_rcc_ex.o
 .comment       0x00000049       0x4a build/stm32g0xx_hal_gpio.o
 .comment       0x00000049       0x4a build/stm32g0xx_hal_pwr_ex.o
 .comment       0x00000049       0x4a build/stm32g0xx_hal_cortex.o
 .comment       0x00000049       0x4a build/stm32g0xx_hal.o
 .comment       0x00000049       0x4a build/system_stm32g0xx.o

.debug_frame    0x00000000     0x3440
 .debug_frame   0x00000000       0xe4 build/main.o
 .debug_frame   0x000000e4       0xb8 build/stm32g0xx_it.o
 .debug_frame   0x0000019c       0xb0 build/stm32g0xx_hal_msp.o
 .debug_frame   0x0000024c      0xf40 build/stm32g0xx_hal_tim.o
 .debug_frame   0x0000118c      0x620 build/stm32g0xx_hal_tim_ex.o
 .debug_frame   0x000017ac      0x8d8 build/stm32g0xx_hal_uart.o
 .debug_frame   0x00002084      0x258 build/stm32g0xx_hal_uart_ex.o
 .debug_frame   0x000022dc      0x214 build/stm32g0xx_hal_rcc.o
 .debug_frame   0x000024f0      0x1c0 build/stm32g0xx_hal_rcc_ex.o
 .debug_frame   0x000026b0      0x130 build/stm32g0xx_hal_gpio.o
 .debug_frame   0x000027e0      0x3f4 build/stm32g0xx_hal_pwr_ex.o
 .debug_frame   0x00002bd4      0x33c build/stm32g0xx_hal_cortex.o
 .debug_frame   0x00002f10      0x41c build/stm32g0xx_hal.o
 .debug_frame   0x0000332c       0x4c build/system_stm32g0xx.o
 .debug_frame   0x00003378       0x2c c:/users/administrator/documents/toolstm/arm/bin/../lib/gcc/arm-none-eabi/10.3.1/../../../../arm-none-eabi/lib/thumb/v6-m/nofp\libc_nano.a(lib_a-init.o)
 .debug_frame   0x000033a4       0x20 c:/users/administrator/documents/toolstm/arm/bin/../lib/gcc/arm-none-eabi/10.3.1/../../../../arm-none-eabi/lib/thumb/v6-m/nofp\libc_nano.a(lib_a-memset.o)
 .debug_frame   0x000033c4       0x20 c:/users/administrator/documents/toolstm/arm/bin/../lib/gcc/arm-none-eabi/10.3.1/thumb/v6-m/nofp\libgcc.a(_udivsi3.o)
 .debug_frame   0x000033e4       0x20 c:/users/administrator/documents/toolstm/arm/bin/../lib/gcc/arm-none-eabi/10.3.1/thumb/v6-m/nofp\libgcc.a(_divsi3.o)
 .debug_frame   0x00003404       0x3c c:/users/administrator/documents/toolstm/arm/bin/../lib/gcc/arm-none-eabi/10.3.1/thumb/v6-m/nofp\libgcc.a(_udivmoddi4.o)

Cross Reference Table

Symbol                                            File
ADC1_COMP_IRQHandler                              build/startup_stm32g0b1xx.o
AHBPrescTable                                     build/system_stm32g0xx.o
                                                  build/stm32g0xx_hal_rcc.o
APBPrescTable                                     build/system_stm32g0xx.o
                                                  build/stm32g0xx_hal_rcc.o
CEC_IRQHandler                                    build/startup_stm32g0b1xx.o
DMA1_Ch4_7_DMA2_Ch1_5_DMAMUX1_OVR_IRQHandler      build/startup_stm32g0b1xx.o
DMA1_Channel1_IRQHandler                          build/startup_stm32g0b1xx.o
DMA1_Channel2_3_IRQHandler                        build/startup_stm32g0b1xx.o
Default_Handler                                   build/startup_stm32g0b1xx.o
EXTI0_1_IRQHandler                                build/startup_stm32g0b1xx.o
EXTI2_3_IRQHandler                                build/startup_stm32g0b1xx.o
EXTI4_15_IRQHandler                               build/startup_stm32g0b1xx.o
Error_Handler                                     build/main.o
                                                  build/stm32g0xx_hal_msp.o
FLASH_FlushCaches                                 build/stm32g0xx_hal_flash_ex.o
FLASH_IRQHandler                                  build/startup_stm32g0b1xx.o
FLASH_PageErase                                   build/stm32g0xx_hal_flash_ex.o
                                                  build/stm32g0xx_hal_flash.o
FLASH_WaitForLastOperation                        build/stm32g0xx_hal_flash.o
                                                  build/stm32g0xx_hal_flash_ex.o
HAL_DBGMCU_DisableDBGStandbyMode                  build/stm32g0xx_hal.o
HAL_DBGMCU_DisableDBGStopMode                     build/stm32g0xx_hal.o
HAL_DBGMCU_EnableDBGStandbyMode                   build/stm32g0xx_hal.o
HAL_DBGMCU_EnableDBGStopMode                      build/stm32g0xx_hal.o
HAL_DMAEx_ConfigMuxRequestGenerator               build/stm32g0xx_hal_dma_ex.o
HAL_DMAEx_ConfigMuxSync                           build/stm32g0xx_hal_dma_ex.o
HAL_DMAEx_DisableMuxRequestGenerator              build/stm32g0xx_hal_dma_ex.o
HAL_DMAEx_EnableMuxRequestGenerator               build/stm32g0xx_hal_dma_ex.o
HAL_DMAEx_MUX_IRQHandler                          build/stm32g0xx_hal_dma_ex.o
HAL_DMA_Abort                                     build/stm32g0xx_hal_dma.o
                                                  build/stm32g0xx_hal_uart.o
HAL_DMA_Abort_IT                                  build/stm32g0xx_hal_dma.o
                                                  build/stm32g0xx_hal_uart.o
                                                  build/stm32g0xx_hal_tim_ex.o
                                                  build/stm32g0xx_hal_tim.o
HAL_DMA_DeInit                                    build/stm32g0xx_hal_dma.o
HAL_DMA_GetError                                  build/stm32g0xx_hal_dma.o
                                                  build/stm32g0xx_hal_uart.o
HAL_DMA_GetState                                  build/stm32g0xx_hal_dma.o
HAL_DMA_IRQHandler                                build/stm32g0xx_hal_dma.o
HAL_DMA_Init                                      build/stm32g0xx_hal_dma.o
HAL_DMA_PollForTransfer                           build/stm32g0xx_hal_dma.o
HAL_DMA_RegisterCallback                          build/stm32g0xx_hal_dma.o
HAL_DMA_Start                                     build/stm32g0xx_hal_dma.o
HAL_DMA_Start_IT                                  build/stm32g0xx_hal_dma.o
                                                  build/stm32g0xx_hal_uart.o
                                                  build/stm32g0xx_hal_tim_ex.o
                                                  build/stm32g0xx_hal_tim.o
HAL_DMA_UnRegisterCallback                        build/stm32g0xx_hal_dma.o
HAL_DeInit                                        build/stm32g0xx_hal.o
HAL_Delay                                         build/stm32g0xx_hal.o
                                                  build/main.o
HAL_EXTI_ClearConfigLine                          build/stm32g0xx_hal_exti.o
HAL_EXTI_ClearPending                             build/stm32g0xx_hal_exti.o
HAL_EXTI_GenerateSWI                              build/stm32g0xx_hal_exti.o
HAL_EXTI_GetConfigLine                            build/stm32g0xx_hal_exti.o
HAL_EXTI_GetHandle                                build/stm32g0xx_hal_exti.o
HAL_EXTI_GetPending                               build/stm32g0xx_hal_exti.o
HAL_EXTI_IRQHandler                               build/stm32g0xx_hal_exti.o
HAL_EXTI_RegisterCallback                         build/stm32g0xx_hal_exti.o
HAL_EXTI_SetConfigLine                            build/stm32g0xx_hal_exti.o
HAL_FLASHEx_DisableDebugger                       build/stm32g0xx_hal_flash_ex.o
HAL_FLASHEx_EnableDebugger                        build/stm32g0xx_hal_flash_ex.o
HAL_FLASHEx_EnableSecMemProtection                build/stm32g0xx_hal_flash_ex.o
HAL_FLASHEx_Erase                                 build/stm32g0xx_hal_flash_ex.o
HAL_FLASHEx_Erase_IT                              build/stm32g0xx_hal_flash_ex.o
HAL_FLASHEx_FlashEmptyCheck                       build/stm32g0xx_hal_flash_ex.o
HAL_FLASHEx_ForceFlashEmpty                       build/stm32g0xx_hal_flash_ex.o
HAL_FLASHEx_OBGetConfig                           build/stm32g0xx_hal_flash_ex.o
HAL_FLASHEx_OBProgram                             build/stm32g0xx_hal_flash_ex.o
HAL_FLASH_EndOfOperationCallback                  build/stm32g0xx_hal_flash.o
HAL_FLASH_GetError                                build/stm32g0xx_hal_flash.o
HAL_FLASH_IRQHandler                              build/stm32g0xx_hal_flash.o
HAL_FLASH_Lock                                    build/stm32g0xx_hal_flash.o
HAL_FLASH_OB_Launch                               build/stm32g0xx_hal_flash.o
HAL_FLASH_OB_Lock                                 build/stm32g0xx_hal_flash.o
HAL_FLASH_OB_Unlock                               build/stm32g0xx_hal_flash.o
HAL_FLASH_OperationErrorCallback                  build/stm32g0xx_hal_flash.o
HAL_FLASH_Program                                 build/stm32g0xx_hal_flash.o
HAL_FLASH_Program_IT                              build/stm32g0xx_hal_flash.o
HAL_FLASH_Unlock                                  build/stm32g0xx_hal_flash.o
HAL_GPIO_DeInit                                   build/stm32g0xx_hal_gpio.o
                                                  build/stm32g0xx_hal_msp.o
HAL_GPIO_EXTI_Falling_Callback                    build/stm32g0xx_hal_gpio.o
HAL_GPIO_EXTI_IRQHandler                          build/stm32g0xx_hal_gpio.o
HAL_GPIO_EXTI_Rising_Callback                     build/stm32g0xx_hal_gpio.o
HAL_GPIO_Init                                     build/stm32g0xx_hal_gpio.o
                                                  build/stm32g0xx_hal_rcc_ex.o
                                                  build/stm32g0xx_hal_rcc.o
                                                  build/stm32g0xx_hal_msp.o
                                                  build/main.o
HAL_GPIO_LockPin                                  build/stm32g0xx_hal_gpio.o
HAL_GPIO_ReadPin                                  build/stm32g0xx_hal_gpio.o
HAL_GPIO_TogglePin                                build/stm32g0xx_hal_gpio.o
                                                  build/main.o
HAL_GPIO_WritePin                                 build/stm32g0xx_hal_gpio.o
                                                  build/main.o
HAL_GetDEVID                                      build/stm32g0xx_hal.o
HAL_GetHalVersion                                 build/stm32g0xx_hal.o
HAL_GetREVID                                      build/stm32g0xx_hal.o
HAL_GetTick                                       build/stm32g0xx_hal.o
                                                  build/stm32g0xx_hal_dma.o
                                                  build/stm32g0xx_hal_flash.o
                                                  build/stm32g0xx_hal_rcc_ex.o
                                                  build/stm32g0xx_hal_rcc.o
                                                  build/stm32g0xx_hal_uart_ex.o
                                                  build/stm32g0xx_hal_uart.o
                                                  build/stm32g0xx_hal_tim_ex.o
HAL_GetTickFreq                                   build/stm32g0xx_hal.o
HAL_GetTickPrio                                   build/stm32g0xx_hal.o
HAL_GetUIDw0                                      build/stm32g0xx_hal.o
HAL_GetUIDw1                                      build/stm32g0xx_hal.o
HAL_GetUIDw2                                      build/stm32g0xx_hal.o
HAL_HalfDuplex_EnableReceiver                     build/stm32g0xx_hal_uart.o
HAL_HalfDuplex_EnableTransmitter                  build/stm32g0xx_hal_uart.o
HAL_HalfDuplex_Init                               build/stm32g0xx_hal_uart.o
HAL_IncTick                                       build/stm32g0xx_hal.o
                                                  build/stm32g0xx_it.o
HAL_Init                                          build/stm32g0xx_hal.o
                                                  build/main.o
HAL_InitTick                                      build/stm32g0xx_hal.o
                                                  build/stm32g0xx_hal_rcc.o
HAL_LIN_Init                                      build/stm32g0xx_hal_uart.o
HAL_LIN_SendBreak                                 build/stm32g0xx_hal_uart.o
HAL_MPU_ConfigRegion                              build/stm32g0xx_hal_cortex.o
HAL_MPU_Disable                                   build/stm32g0xx_hal_cortex.o
HAL_MPU_DisableRegion                             build/stm32g0xx_hal_cortex.o
HAL_MPU_Enable                                    build/stm32g0xx_hal_cortex.o
HAL_MPU_EnableRegion                              build/stm32g0xx_hal_cortex.o
HAL_MspDeInit                                     build/stm32g0xx_hal.o
HAL_MspInit                                       build/stm32g0xx_hal_msp.o
HAL_MultiProcessorEx_AddressLength_Set            build/stm32g0xx_hal_uart_ex.o
HAL_MultiProcessor_DisableMuteMode                build/stm32g0xx_hal_uart.o
HAL_MultiProcessor_EnableMuteMode                 build/stm32g0xx_hal_uart.o
HAL_MultiProcessor_EnterMuteMode                  build/stm32g0xx_hal_uart.o
HAL_MultiProcessor_Init                           build/stm32g0xx_hal_uart.o
HAL_NVIC_ClearPendingIRQ                          build/stm32g0xx_hal_cortex.o
HAL_NVIC_DisableIRQ                               build/stm32g0xx_hal_cortex.o
                                                  build/stm32g0xx_hal_msp.o
HAL_NVIC_EnableIRQ                                build/stm32g0xx_hal_cortex.o
                                                  build/stm32g0xx_hal_msp.o
HAL_NVIC_GetPendingIRQ                            build/stm32g0xx_hal_cortex.o
HAL_NVIC_GetPriority                              build/stm32g0xx_hal_cortex.o
HAL_NVIC_SetPendingIRQ                            build/stm32g0xx_hal_cortex.o
HAL_NVIC_SetPriority                              build/stm32g0xx_hal_cortex.o
                                                  build/stm32g0xx_hal.o
                                                  build/stm32g0xx_hal_msp.o
HAL_NVIC_SystemReset                              build/stm32g0xx_hal_cortex.o
HAL_PWREx_ConfigPVD                               build/stm32g0xx_hal_pwr_ex.o
HAL_PWREx_ConfigPVM                               build/stm32g0xx_hal_pwr_ex.o
HAL_PWREx_ControlVoltageScaling                   build/stm32g0xx_hal_pwr_ex.o
                                                  build/main.o
HAL_PWREx_DisableBatteryCharging                  build/stm32g0xx_hal_pwr_ex.o
HAL_PWREx_DisableFlashPowerDown                   build/stm32g0xx_hal_pwr_ex.o
HAL_PWREx_DisableGPIOPullDown                     build/stm32g0xx_hal_pwr_ex.o
HAL_PWREx_DisableGPIOPullUp                       build/stm32g0xx_hal_pwr_ex.o
HAL_PWREx_DisableInternalWakeUpLine               build/stm32g0xx_hal_pwr_ex.o
HAL_PWREx_DisableLowPowerRunMode                  build/stm32g0xx_hal_pwr_ex.o
                                                  build/stm32g0xx_hal_pwr.o
HAL_PWREx_DisablePORMonitorSampling               build/stm32g0xx_hal_pwr_ex.o
HAL_PWREx_DisablePVD                              build/stm32g0xx_hal_pwr_ex.o
HAL_PWREx_DisablePVMUSB                           build/stm32g0xx_hal_pwr_ex.o
HAL_PWREx_DisablePullUpPullDownConfig             build/stm32g0xx_hal_pwr_ex.o
HAL_PWREx_DisableSRAMRetention                    build/stm32g0xx_hal_pwr_ex.o
HAL_PWREx_DisableVddIO2                           build/stm32g0xx_hal_pwr_ex.o
HAL_PWREx_DisableVddUSB                           build/stm32g0xx_hal_pwr_ex.o
HAL_PWREx_EnableBatteryCharging                   build/stm32g0xx_hal_pwr_ex.o
HAL_PWREx_EnableFlashPowerDown                    build/stm32g0xx_hal_pwr_ex.o
HAL_PWREx_EnableGPIOPullDown                      build/stm32g0xx_hal_pwr_ex.o
HAL_PWREx_EnableGPIOPullUp                        build/stm32g0xx_hal_pwr_ex.o
HAL_PWREx_EnableInternalWakeUpLine                build/stm32g0xx_hal_pwr_ex.o
HAL_PWREx_EnableLowPowerRunMode                   build/stm32g0xx_hal_pwr_ex.o
                                                  build/stm32g0xx_hal_pwr.o
HAL_PWREx_EnablePORMonitorSampling                build/stm32g0xx_hal_pwr_ex.o
HAL_PWREx_EnablePVD                               build/stm32g0xx_hal_pwr_ex.o
HAL_PWREx_EnablePVMUSB                            build/stm32g0xx_hal_pwr_ex.o
HAL_PWREx_EnablePullUpPullDownConfig              build/stm32g0xx_hal_pwr_ex.o
HAL_PWREx_EnableSRAMRetention                     build/stm32g0xx_hal_pwr_ex.o
HAL_PWREx_EnableVddIO2                            build/stm32g0xx_hal_pwr_ex.o
HAL_PWREx_EnableVddUSB                            build/stm32g0xx_hal_pwr_ex.o
HAL_PWREx_EnterSHUTDOWNMode                       build/stm32g0xx_hal_pwr_ex.o
HAL_PWREx_GetVoltageRange                         build/stm32g0xx_hal_pwr_ex.o
HAL_PWREx_PVD_PVM_Falling_Callback                build/stm32g0xx_hal_pwr_ex.o
HAL_PWREx_PVD_PVM_IRQHandler                      build/stm32g0xx_hal_pwr_ex.o
HAL_PWREx_PVD_PVM_Rising_Callback                 build/stm32g0xx_hal_pwr_ex.o
HAL_PWR_DeInit                                    build/stm32g0xx_hal_pwr.o
HAL_PWR_DisableBkUpAccess                         build/stm32g0xx_hal_pwr.o
                                                  build/stm32g0xx_hal_rcc_ex.o
HAL_PWR_DisableSEVOnPend                          build/stm32g0xx_hal_pwr.o
HAL_PWR_DisableSleepOnExit                        build/stm32g0xx_hal_pwr.o
HAL_PWR_DisableWakeUpPin                          build/stm32g0xx_hal_pwr.o
HAL_PWR_EnableBkUpAccess                          build/stm32g0xx_hal_pwr.o
                                                  build/stm32g0xx_hal_rcc_ex.o
HAL_PWR_EnableSEVOnPend                           build/stm32g0xx_hal_pwr.o
HAL_PWR_EnableSleepOnExit                         build/stm32g0xx_hal_pwr.o
HAL_PWR_EnableWakeUpPin                           build/stm32g0xx_hal_pwr.o
HAL_PWR_EnterSLEEPMode                            build/stm32g0xx_hal_pwr.o
HAL_PWR_EnterSTANDBYMode                          build/stm32g0xx_hal_pwr.o
HAL_PWR_EnterSTOPMode                             build/stm32g0xx_hal_pwr.o
HAL_RCCEx_CRSConfig                               build/stm32g0xx_hal_rcc_ex.o
HAL_RCCEx_CRSGetSynchronizationInfo               build/stm32g0xx_hal_rcc_ex.o
HAL_RCCEx_CRSSoftwareSynchronizationGenerate      build/stm32g0xx_hal_rcc_ex.o
HAL_RCCEx_CRSWaitSynchronization                  build/stm32g0xx_hal_rcc_ex.o
HAL_RCCEx_CRS_ErrorCallback                       build/stm32g0xx_hal_rcc_ex.o
HAL_RCCEx_CRS_ExpectedSyncCallback                build/stm32g0xx_hal_rcc_ex.o
HAL_RCCEx_CRS_IRQHandler                          build/stm32g0xx_hal_rcc_ex.o
HAL_RCCEx_CRS_SyncOkCallback                      build/stm32g0xx_hal_rcc_ex.o
HAL_RCCEx_CRS_SyncWarnCallback                    build/stm32g0xx_hal_rcc_ex.o
HAL_RCCEx_DisableLSCO                             build/stm32g0xx_hal_rcc_ex.o
HAL_RCCEx_EnableLSCO                              build/stm32g0xx_hal_rcc_ex.o
HAL_RCCEx_GetPeriphCLKConfig                      build/stm32g0xx_hal_rcc_ex.o
HAL_RCCEx_GetPeriphCLKFreq                        build/stm32g0xx_hal_rcc_ex.o
HAL_RCCEx_PeriphCLKConfig                         build/stm32g0xx_hal_rcc_ex.o
                                                  build/stm32g0xx_hal_msp.o
HAL_RCC_CSSCallback                               build/stm32g0xx_hal_rcc.o
HAL_RCC_ClockConfig                               build/stm32g0xx_hal_rcc.o
                                                  build/main.o
HAL_RCC_DeInit                                    build/stm32g0xx_hal_rcc.o
HAL_RCC_DisableLSECSS                             build/stm32g0xx_hal_rcc.o
HAL_RCC_EnableCSS                                 build/stm32g0xx_hal_rcc.o
HAL_RCC_EnableLSECSS                              build/stm32g0xx_hal_rcc.o
HAL_RCC_GetClockConfig                            build/stm32g0xx_hal_rcc.o
HAL_RCC_GetHCLKFreq                               build/stm32g0xx_hal_rcc.o
HAL_RCC_GetOscConfig                              build/stm32g0xx_hal_rcc.o
HAL_RCC_GetPCLK1Freq                              build/stm32g0xx_hal_rcc.o
                                                  build/stm32g0xx_hal_rcc_ex.o
                                                  build/stm32g0xx_hal_uart.o
HAL_RCC_GetResetSource                            build/stm32g0xx_hal_rcc.o
HAL_RCC_GetSysClockFreq                           build/stm32g0xx_hal_rcc.o
                                                  build/stm32g0xx_hal_rcc_ex.o
                                                  build/stm32g0xx_hal_uart.o
HAL_RCC_LSECSSCallback                            build/stm32g0xx_hal_rcc.o
HAL_RCC_MCOConfig                                 build/stm32g0xx_hal_rcc.o
HAL_RCC_NMI_IRQHandler                            build/stm32g0xx_hal_rcc.o
HAL_RCC_OscConfig                                 build/stm32g0xx_hal_rcc.o
                                                  build/main.o
HAL_RS485Ex_Init                                  build/stm32g0xx_hal_uart_ex.o
HAL_ResumeTick                                    build/stm32g0xx_hal.o
HAL_SYSCFG_DisableClampingDiode                   build/stm32g0xx_hal.o
HAL_SYSCFG_DisableIOAnalogSwitchBooster           build/stm32g0xx_hal.o
HAL_SYSCFG_DisableRemap                           build/stm32g0xx_hal.o
HAL_SYSCFG_DisableVREFBUF                         build/stm32g0xx_hal.o
HAL_SYSCFG_EnableClampingDiode                    build/stm32g0xx_hal.o
HAL_SYSCFG_EnableIOAnalogSwitchBooster            build/stm32g0xx_hal.o
HAL_SYSCFG_EnableRemap                            build/stm32g0xx_hal.o
HAL_SYSCFG_EnableVREFBUF                          build/stm32g0xx_hal.o
HAL_SYSCFG_StrobeDBattpinsConfig                  build/stm32g0xx_hal.o
                                                  build/stm32g0xx_hal_msp.o
HAL_SYSCFG_VREFBUF_HighImpedanceConfig            build/stm32g0xx_hal.o
HAL_SYSCFG_VREFBUF_TrimmingConfig                 build/stm32g0xx_hal.o
HAL_SYSCFG_VREFBUF_VoltageScalingConfig           build/stm32g0xx_hal.o
HAL_SYSTICK_CLKSourceConfig                       build/stm32g0xx_hal_cortex.o
HAL_SYSTICK_Callback                              build/stm32g0xx_hal_cortex.o
HAL_SYSTICK_Config                                build/stm32g0xx_hal_cortex.o
                                                  build/stm32g0xx_hal.o
HAL_SYSTICK_IRQHandler                            build/stm32g0xx_hal_cortex.o
HAL_SetTickFreq                                   build/stm32g0xx_hal.o
HAL_SuspendTick                                   build/stm32g0xx_hal.o
HAL_TIMEx_Break2Callback                          build/stm32g0xx_hal_tim_ex.o
                                                  build/stm32g0xx_hal_tim.o
HAL_TIMEx_BreakCallback                           build/stm32g0xx_hal_tim_ex.o
                                                  build/stm32g0xx_hal_tim.o
HAL_TIMEx_CommutCallback                          build/stm32g0xx_hal_tim_ex.o
                                                  build/stm32g0xx_hal_tim.o
HAL_TIMEx_CommutHalfCpltCallback                  build/stm32g0xx_hal_tim_ex.o
HAL_TIMEx_ConfigBreakDeadTime                     build/stm32g0xx_hal_tim_ex.o
HAL_TIMEx_ConfigBreakInput                        build/stm32g0xx_hal_tim_ex.o
HAL_TIMEx_ConfigCommutEvent                       build/stm32g0xx_hal_tim_ex.o
HAL_TIMEx_ConfigCommutEvent_DMA                   build/stm32g0xx_hal_tim_ex.o
HAL_TIMEx_ConfigCommutEvent_IT                    build/stm32g0xx_hal_tim_ex.o
HAL_TIMEx_DisarmBreakInput                        build/stm32g0xx_hal_tim_ex.o
HAL_TIMEx_GetChannelNState                        build/stm32g0xx_hal_tim_ex.o
HAL_TIMEx_GroupChannel5                           build/stm32g0xx_hal_tim_ex.o
HAL_TIMEx_HallSensor_DeInit                       build/stm32g0xx_hal_tim_ex.o
HAL_TIMEx_HallSensor_GetState                     build/stm32g0xx_hal_tim_ex.o
HAL_TIMEx_HallSensor_Init                         build/stm32g0xx_hal_tim_ex.o
HAL_TIMEx_HallSensor_MspDeInit                    build/stm32g0xx_hal_tim_ex.o
HAL_TIMEx_HallSensor_MspInit                      build/stm32g0xx_hal_tim_ex.o
HAL_TIMEx_HallSensor_Start                        build/stm32g0xx_hal_tim_ex.o
HAL_TIMEx_HallSensor_Start_DMA                    build/stm32g0xx_hal_tim_ex.o
HAL_TIMEx_HallSensor_Start_IT                     build/stm32g0xx_hal_tim_ex.o
HAL_TIMEx_HallSensor_Stop                         build/stm32g0xx_hal_tim_ex.o
HAL_TIMEx_HallSensor_Stop_DMA                     build/stm32g0xx_hal_tim_ex.o
HAL_TIMEx_HallSensor_Stop_IT                      build/stm32g0xx_hal_tim_ex.o
HAL_TIMEx_MasterConfigSynchronization             build/stm32g0xx_hal_tim_ex.o
                                                  build/main.o
HAL_TIMEx_OCN_Start                               build/stm32g0xx_hal_tim_ex.o
HAL_TIMEx_OCN_Start_DMA                           build/stm32g0xx_hal_tim_ex.o
HAL_TIMEx_OCN_Start_IT                            build/stm32g0xx_hal_tim_ex.o
HAL_TIMEx_OCN_Stop                                build/stm32g0xx_hal_tim_ex.o
HAL_TIMEx_OCN_Stop_DMA                            build/stm32g0xx_hal_tim_ex.o
HAL_TIMEx_OCN_Stop_IT                             build/stm32g0xx_hal_tim_ex.o
HAL_TIMEx_OnePulseN_Start                         build/stm32g0xx_hal_tim_ex.o
HAL_TIMEx_OnePulseN_Start_IT                      build/stm32g0xx_hal_tim_ex.o
HAL_TIMEx_OnePulseN_Stop                          build/stm32g0xx_hal_tim_ex.o
HAL_TIMEx_OnePulseN_Stop_IT                       build/stm32g0xx_hal_tim_ex.o
HAL_TIMEx_PWMN_Start                              build/stm32g0xx_hal_tim_ex.o
HAL_TIMEx_PWMN_Start_DMA                          build/stm32g0xx_hal_tim_ex.o
HAL_TIMEx_PWMN_Start_IT                           build/stm32g0xx_hal_tim_ex.o
HAL_TIMEx_PWMN_Stop                               build/stm32g0xx_hal_tim_ex.o
HAL_TIMEx_PWMN_Stop_DMA                           build/stm32g0xx_hal_tim_ex.o
HAL_TIMEx_PWMN_Stop_IT                            build/stm32g0xx_hal_tim_ex.o
HAL_TIMEx_ReArmBreakInput                         build/stm32g0xx_hal_tim_ex.o
HAL_TIMEx_RemapConfig                             build/stm32g0xx_hal_tim_ex.o
HAL_TIMEx_TISelection                             build/stm32g0xx_hal_tim_ex.o
HAL_TIM_Base_DeInit                               build/stm32g0xx_hal_tim.o
HAL_TIM_Base_GetState                             build/stm32g0xx_hal_tim.o
HAL_TIM_Base_Init                                 build/stm32g0xx_hal_tim.o
                                                  build/main.o
HAL_TIM_Base_MspDeInit                            build/stm32g0xx_hal_msp.o
HAL_TIM_Base_MspInit                              build/stm32g0xx_hal_msp.o
HAL_TIM_Base_Start                                build/stm32g0xx_hal_tim.o
HAL_TIM_Base_Start_DMA                            build/stm32g0xx_hal_tim.o
HAL_TIM_Base_Start_IT                             build/stm32g0xx_hal_tim.o
HAL_TIM_Base_Stop                                 build/stm32g0xx_hal_tim.o
HAL_TIM_Base_Stop_DMA                             build/stm32g0xx_hal_tim.o
HAL_TIM_Base_Stop_IT                              build/stm32g0xx_hal_tim.o
HAL_TIM_ConfigClockSource                         build/stm32g0xx_hal_tim.o
                                                  build/main.o
HAL_TIM_ConfigOCrefClear                          build/stm32g0xx_hal_tim.o
HAL_TIM_ConfigTI1Input                            build/stm32g0xx_hal_tim.o
HAL_TIM_DMABurstState                             build/stm32g0xx_hal_tim.o
HAL_TIM_DMABurst_MultiReadStart                   build/stm32g0xx_hal_tim.o
HAL_TIM_DMABurst_MultiWriteStart                  build/stm32g0xx_hal_tim.o
HAL_TIM_DMABurst_ReadStart                        build/stm32g0xx_hal_tim.o
HAL_TIM_DMABurst_ReadStop                         build/stm32g0xx_hal_tim.o
HAL_TIM_DMABurst_WriteStart                       build/stm32g0xx_hal_tim.o
HAL_TIM_DMABurst_WriteStop                        build/stm32g0xx_hal_tim.o
HAL_TIM_Encoder_DeInit                            build/stm32g0xx_hal_tim.o
HAL_TIM_Encoder_GetState                          build/stm32g0xx_hal_tim.o
HAL_TIM_Encoder_Init                              build/stm32g0xx_hal_tim.o
HAL_TIM_Encoder_MspDeInit                         build/stm32g0xx_hal_tim.o
HAL_TIM_Encoder_MspInit                           build/stm32g0xx_hal_tim.o
HAL_TIM_Encoder_Start                             build/stm32g0xx_hal_tim.o
HAL_TIM_Encoder_Start_DMA                         build/stm32g0xx_hal_tim.o
HAL_TIM_Encoder_Start_IT                          build/stm32g0xx_hal_tim.o
HAL_TIM_Encoder_Stop                              build/stm32g0xx_hal_tim.o
HAL_TIM_Encoder_Stop_DMA                          build/stm32g0xx_hal_tim.o
HAL_TIM_Encoder_Stop_IT                           build/stm32g0xx_hal_tim.o
HAL_TIM_ErrorCallback                             build/stm32g0xx_hal_tim.o
                                                  build/stm32g0xx_hal_tim_ex.o
HAL_TIM_GenerateEvent                             build/stm32g0xx_hal_tim.o
HAL_TIM_GetActiveChannel                          build/stm32g0xx_hal_tim.o
HAL_TIM_GetChannelState                           build/stm32g0xx_hal_tim.o
HAL_TIM_IC_CaptureCallback                        build/stm32g0xx_hal_tim.o
HAL_TIM_IC_CaptureHalfCpltCallback                build/stm32g0xx_hal_tim.o
HAL_TIM_IC_ConfigChannel                          build/stm32g0xx_hal_tim.o
HAL_TIM_IC_DeInit                                 build/stm32g0xx_hal_tim.o
HAL_TIM_IC_GetState                               build/stm32g0xx_hal_tim.o
HAL_TIM_IC_Init                                   build/stm32g0xx_hal_tim.o
HAL_TIM_IC_MspDeInit                              build/stm32g0xx_hal_tim.o
HAL_TIM_IC_MspInit                                build/stm32g0xx_hal_tim.o
HAL_TIM_IC_Start                                  build/stm32g0xx_hal_tim.o
HAL_TIM_IC_Start_DMA                              build/stm32g0xx_hal_tim.o
HAL_TIM_IC_Start_IT                               build/stm32g0xx_hal_tim.o
HAL_TIM_IC_Stop                                   build/stm32g0xx_hal_tim.o
HAL_TIM_IC_Stop_DMA                               build/stm32g0xx_hal_tim.o
HAL_TIM_IC_Stop_IT                                build/stm32g0xx_hal_tim.o
HAL_TIM_IRQHandler                                build/stm32g0xx_hal_tim.o
                                                  build/stm32g0xx_it.o
HAL_TIM_OC_ConfigChannel                          build/stm32g0xx_hal_tim.o
HAL_TIM_OC_DeInit                                 build/stm32g0xx_hal_tim.o
HAL_TIM_OC_DelayElapsedCallback                   build/stm32g0xx_hal_tim.o
HAL_TIM_OC_GetState                               build/stm32g0xx_hal_tim.o
HAL_TIM_OC_Init                                   build/stm32g0xx_hal_tim.o
HAL_TIM_OC_MspDeInit                              build/stm32g0xx_hal_tim.o
HAL_TIM_OC_MspInit                                build/stm32g0xx_hal_tim.o
HAL_TIM_OC_Start                                  build/stm32g0xx_hal_tim.o
HAL_TIM_OC_Start_DMA                              build/stm32g0xx_hal_tim.o
HAL_TIM_OC_Start_IT                               build/stm32g0xx_hal_tim.o
HAL_TIM_OC_Stop                                   build/stm32g0xx_hal_tim.o
HAL_TIM_OC_Stop_DMA                               build/stm32g0xx_hal_tim.o
HAL_TIM_OC_Stop_IT                                build/stm32g0xx_hal_tim.o
HAL_TIM_OnePulse_ConfigChannel                    build/stm32g0xx_hal_tim.o
HAL_TIM_OnePulse_DeInit                           build/stm32g0xx_hal_tim.o
HAL_TIM_OnePulse_GetState                         build/stm32g0xx_hal_tim.o
HAL_TIM_OnePulse_Init                             build/stm32g0xx_hal_tim.o
HAL_TIM_OnePulse_MspDeInit                        build/stm32g0xx_hal_tim.o
HAL_TIM_OnePulse_MspInit                          build/stm32g0xx_hal_tim.o
HAL_TIM_OnePulse_Start                            build/stm32g0xx_hal_tim.o
HAL_TIM_OnePulse_Start_IT                         build/stm32g0xx_hal_tim.o
HAL_TIM_OnePulse_Stop                             build/stm32g0xx_hal_tim.o
HAL_TIM_OnePulse_Stop_IT                          build/stm32g0xx_hal_tim.o
HAL_TIM_PWM_ConfigChannel                         build/stm32g0xx_hal_tim.o
HAL_TIM_PWM_DeInit                                build/stm32g0xx_hal_tim.o
HAL_TIM_PWM_GetState                              build/stm32g0xx_hal_tim.o
HAL_TIM_PWM_Init                                  build/stm32g0xx_hal_tim.o
HAL_TIM_PWM_MspDeInit                             build/stm32g0xx_hal_tim.o
HAL_TIM_PWM_MspInit                               build/stm32g0xx_hal_tim.o
HAL_TIM_PWM_PulseFinishedCallback                 build/stm32g0xx_hal_tim.o
                                                  build/stm32g0xx_hal_tim_ex.o
HAL_TIM_PWM_PulseFinishedHalfCpltCallback         build/stm32g0xx_hal_tim.o
HAL_TIM_PWM_Start                                 build/stm32g0xx_hal_tim.o
HAL_TIM_PWM_Start_DMA                             build/stm32g0xx_hal_tim.o
HAL_TIM_PWM_Start_IT                              build/stm32g0xx_hal_tim.o
HAL_TIM_PWM_Stop                                  build/stm32g0xx_hal_tim.o
HAL_TIM_PWM_Stop_DMA                              build/stm32g0xx_hal_tim.o
HAL_TIM_PWM_Stop_IT                               build/stm32g0xx_hal_tim.o
HAL_TIM_PeriodElapsedCallback                     build/stm32g0xx_hal_tim.o
HAL_TIM_PeriodElapsedHalfCpltCallback             build/stm32g0xx_hal_tim.o
HAL_TIM_ReadCapturedValue                         build/stm32g0xx_hal_tim.o
HAL_TIM_SlaveConfigSynchro                        build/stm32g0xx_hal_tim.o
HAL_TIM_SlaveConfigSynchro_IT                     build/stm32g0xx_hal_tim.o
HAL_TIM_TriggerCallback                           build/stm32g0xx_hal_tim.o
HAL_TIM_TriggerHalfCpltCallback                   build/stm32g0xx_hal_tim.o
HAL_UARTEx_DisableFifoMode                        build/stm32g0xx_hal_uart_ex.o
                                                  build/main.o
HAL_UARTEx_DisableStopMode                        build/stm32g0xx_hal_uart_ex.o
HAL_UARTEx_EnableFifoMode                         build/stm32g0xx_hal_uart_ex.o
HAL_UARTEx_EnableStopMode                         build/stm32g0xx_hal_uart_ex.o
HAL_UARTEx_GetRxEventType                         build/stm32g0xx_hal_uart_ex.o
HAL_UARTEx_ReceiveToIdle                          build/stm32g0xx_hal_uart_ex.o
HAL_UARTEx_ReceiveToIdle_DMA                      build/stm32g0xx_hal_uart_ex.o
HAL_UARTEx_ReceiveToIdle_IT                       build/stm32g0xx_hal_uart_ex.o
HAL_UARTEx_RxEventCallback                        build/stm32g0xx_hal_uart.o
HAL_UARTEx_RxFifoFullCallback                     build/stm32g0xx_hal_uart_ex.o
                                                  build/stm32g0xx_hal_uart.o
HAL_UARTEx_SetRxFifoThreshold                     build/stm32g0xx_hal_uart_ex.o
                                                  build/main.o
HAL_UARTEx_SetTxFifoThreshold                     build/stm32g0xx_hal_uart_ex.o
                                                  build/main.o
HAL_UARTEx_StopModeWakeUpSourceConfig             build/stm32g0xx_hal_uart_ex.o
HAL_UARTEx_TxFifoEmptyCallback                    build/stm32g0xx_hal_uart_ex.o
                                                  build/stm32g0xx_hal_uart.o
HAL_UARTEx_WakeupCallback                         build/stm32g0xx_hal_uart_ex.o
                                                  build/stm32g0xx_hal_uart.o
HAL_UART_Abort                                    build/stm32g0xx_hal_uart.o
HAL_UART_AbortCpltCallback                        build/stm32g0xx_hal_uart.o
HAL_UART_AbortReceive                             build/stm32g0xx_hal_uart.o
HAL_UART_AbortReceiveCpltCallback                 build/stm32g0xx_hal_uart.o
HAL_UART_AbortReceive_IT                          build/stm32g0xx_hal_uart.o
HAL_UART_AbortTransmit                            build/stm32g0xx_hal_uart.o
HAL_UART_AbortTransmitCpltCallback                build/stm32g0xx_hal_uart.o
HAL_UART_AbortTransmit_IT                         build/stm32g0xx_hal_uart.o
HAL_UART_Abort_IT                                 build/stm32g0xx_hal_uart.o
HAL_UART_DMAPause                                 build/stm32g0xx_hal_uart.o
HAL_UART_DMAResume                                build/stm32g0xx_hal_uart.o
HAL_UART_DMAStop                                  build/stm32g0xx_hal_uart.o
HAL_UART_DeInit                                   build/stm32g0xx_hal_uart.o
HAL_UART_DisableReceiverTimeout                   build/stm32g0xx_hal_uart.o
HAL_UART_EnableReceiverTimeout                    build/stm32g0xx_hal_uart.o
HAL_UART_ErrorCallback                            build/stm32g0xx_hal_uart.o
HAL_UART_GetError                                 build/stm32g0xx_hal_uart.o
HAL_UART_GetState                                 build/stm32g0xx_hal_uart.o
HAL_UART_IRQHandler                               build/stm32g0xx_hal_uart.o
HAL_UART_Init                                     build/stm32g0xx_hal_uart.o
                                                  build/main.o
HAL_UART_MspDeInit                                build/stm32g0xx_hal_msp.o
HAL_UART_MspInit                                  build/stm32g0xx_hal_msp.o
                                                  build/stm32g0xx_hal_uart_ex.o
HAL_UART_Receive                                  build/stm32g0xx_hal_uart.o
HAL_UART_Receive_DMA                              build/stm32g0xx_hal_uart.o
HAL_UART_Receive_IT                               build/stm32g0xx_hal_uart.o
HAL_UART_ReceiverTimeout_Config                   build/stm32g0xx_hal_uart.o
HAL_UART_RxCpltCallback                           build/stm32g0xx_hal_uart.o
HAL_UART_RxHalfCpltCallback                       build/stm32g0xx_hal_uart.o
HAL_UART_Transmit                                 build/stm32g0xx_hal_uart.o
HAL_UART_Transmit_DMA                             build/stm32g0xx_hal_uart.o
HAL_UART_Transmit_IT                              build/stm32g0xx_hal_uart.o
HAL_UART_TxCpltCallback                           build/stm32g0xx_hal_uart.o
HAL_UART_TxHalfCpltCallback                       build/stm32g0xx_hal_uart.o
HardFault_Handler                                 build/stm32g0xx_it.o
I2C1_IRQHandler                                   build/startup_stm32g0b1xx.o
I2C2_3_IRQHandler                                 build/startup_stm32g0b1xx.o
NMI_Handler                                       build/stm32g0xx_it.o
PVD_VDDIO2_IRQHandler                             build/startup_stm32g0b1xx.o
PendSV_Handler                                    build/stm32g0xx_it.o
RCC_CRS_IRQHandler                                build/startup_stm32g0b1xx.o
RTC_TAMP_IRQHandler                               build/startup_stm32g0b1xx.o
Reset_Handler                                     build/startup_stm32g0b1xx.o
SPI1_IRQHandler                                   build/startup_stm32g0b1xx.o
SPI2_3_IRQHandler                                 build/startup_stm32g0b1xx.o
SVC_Handler                                       build/stm32g0xx_it.o
SysTick_Handler                                   build/stm32g0xx_it.o
SystemClock_Config                                build/main.o
SystemCoreClock                                   build/system_stm32g0xx.o
                                                  build/stm32g0xx_hal.o
                                                  build/stm32g0xx_hal_pwr_ex.o
                                                  build/stm32g0xx_hal_rcc.o
SystemCoreClockUpdate                             build/system_stm32g0xx.o
SystemInit                                        build/system_stm32g0xx.o
                                                  build/startup_stm32g0b1xx.o
TIM14_IRQHandler                                  build/startup_stm32g0b1xx.o
TIM15_IRQHandler                                  build/startup_stm32g0b1xx.o
TIM16_FDCAN_IT0_IRQHandler                        build/startup_stm32g0b1xx.o
TIM17_FDCAN_IT1_IRQHandler                        build/startup_stm32g0b1xx.o
TIM1_BRK_UP_TRG_COM_IRQHandler                    build/startup_stm32g0b1xx.o
TIM1_CC_IRQHandler                                build/startup_stm32g0b1xx.o
TIM2_IRQHandler                                   build/startup_stm32g0b1xx.o
TIM3_TIM4_IRQHandler                              build/stm32g0xx_it.o
TIM6_DAC_LPTIM1_IRQHandler                        build/startup_stm32g0b1xx.o
TIM7_LPTIM2_IRQHandler                            build/startup_stm32g0b1xx.o
TIMEx_DMACommutationCplt                          build/stm32g0xx_hal_tim_ex.o
                                                  build/stm32g0xx_hal_tim.o
TIMEx_DMACommutationHalfCplt                      build/stm32g0xx_hal_tim_ex.o
                                                  build/stm32g0xx_hal_tim.o
TIM_Base_SetConfig                                build/stm32g0xx_hal_tim.o
                                                  build/stm32g0xx_hal_tim_ex.o
TIM_CCxChannelCmd                                 build/stm32g0xx_hal_tim.o
                                                  build/stm32g0xx_hal_tim_ex.o
TIM_DMACaptureCplt                                build/stm32g0xx_hal_tim.o
                                                  build/stm32g0xx_hal_tim_ex.o
TIM_DMACaptureHalfCplt                            build/stm32g0xx_hal_tim.o
                                                  build/stm32g0xx_hal_tim_ex.o
TIM_DMADelayPulseHalfCplt                         build/stm32g0xx_hal_tim.o
                                                  build/stm32g0xx_hal_tim_ex.o
TIM_DMAError                                      build/stm32g0xx_hal_tim.o
                                                  build/stm32g0xx_hal_tim_ex.o
TIM_ETR_SetConfig                                 build/stm32g0xx_hal_tim.o
TIM_OC2_SetConfig                                 build/stm32g0xx_hal_tim.o
                                                  build/stm32g0xx_hal_tim_ex.o
TIM_TI1_SetConfig                                 build/stm32g0xx_hal_tim.o
                                                  build/stm32g0xx_hal_tim_ex.o
UARTPrescTable                                    build/stm32g0xx_hal_uart.o
UART_AdvFeatureConfig                             build/stm32g0xx_hal_uart.o
                                                  build/stm32g0xx_hal_uart_ex.o
UART_CheckIdleState                               build/stm32g0xx_hal_uart.o
                                                  build/stm32g0xx_hal_uart_ex.o
UART_SetConfig                                    build/stm32g0xx_hal_uart.o
                                                  build/stm32g0xx_hal_uart_ex.o
UART_Start_Receive_DMA                            build/stm32g0xx_hal_uart.o
                                                  build/stm32g0xx_hal_uart_ex.o
UART_Start_Receive_IT                             build/stm32g0xx_hal_uart.o
                                                  build/stm32g0xx_hal_uart_ex.o
UART_WaitOnFlagUntilTimeout                       build/stm32g0xx_hal_uart.o
                                                  build/stm32g0xx_hal_uart_ex.o
USART1_IRQHandler                                 build/startup_stm32g0b1xx.o
USART2_LPUART2_IRQHandler                         build/startup_stm32g0b1xx.o
USART3_4_5_6_LPUART1_IRQHandler                   build/startup_stm32g0b1xx.o
USB_UCPD1_2_IRQHandler                            build/startup_stm32g0b1xx.o
WWDG_IRQHandler                                   build/startup_stm32g0b1xx.o
__aeabi_idiv                                      c:/users/administrator/documents/toolstm/arm/bin/../lib/gcc/arm-none-eabi/10.3.1/thumb/v6-m/nofp\libgcc.a(_divsi3.o)
                                                  build/stm32g0xx_hal_uart_ex.o
__aeabi_idiv0                                     c:/users/administrator/documents/toolstm/arm/bin/../lib/gcc/arm-none-eabi/10.3.1/thumb/v6-m/nofp\libgcc.a(_dvmd_tls.o)
                                                  c:/users/administrator/documents/toolstm/arm/bin/../lib/gcc/arm-none-eabi/10.3.1/thumb/v6-m/nofp\libgcc.a(_divsi3.o)
                                                  c:/users/administrator/documents/toolstm/arm/bin/../lib/gcc/arm-none-eabi/10.3.1/thumb/v6-m/nofp\libgcc.a(_udivsi3.o)
__aeabi_idivmod                                   c:/users/administrator/documents/toolstm/arm/bin/../lib/gcc/arm-none-eabi/10.3.1/thumb/v6-m/nofp\libgcc.a(_divsi3.o)
__aeabi_ldiv0                                     c:/users/administrator/documents/toolstm/arm/bin/../lib/gcc/arm-none-eabi/10.3.1/thumb/v6-m/nofp\libgcc.a(_dvmd_tls.o)
                                                  c:/users/administrator/documents/toolstm/arm/bin/../lib/gcc/arm-none-eabi/10.3.1/thumb/v6-m/nofp\libgcc.a(_aeabi_uldivmod.o)
__aeabi_uidiv                                     c:/users/administrator/documents/toolstm/arm/bin/../lib/gcc/arm-none-eabi/10.3.1/thumb/v6-m/nofp\libgcc.a(_udivsi3.o)
                                                  build/system_stm32g0xx.o
                                                  build/stm32g0xx_hal.o
                                                  build/stm32g0xx_hal_pwr_ex.o
                                                  build/stm32g0xx_hal_dma.o
                                                  build/stm32g0xx_hal_rcc_ex.o
                                                  build/stm32g0xx_hal_rcc.o
                                                  build/stm32g0xx_hal_uart.o
__aeabi_uidivmod                                  c:/users/administrator/documents/toolstm/arm/bin/../lib/gcc/arm-none-eabi/10.3.1/thumb/v6-m/nofp\libgcc.a(_udivsi3.o)
__aeabi_uldivmod                                  c:/users/administrator/documents/toolstm/arm/bin/../lib/gcc/arm-none-eabi/10.3.1/thumb/v6-m/nofp\libgcc.a(_aeabi_uldivmod.o)
                                                  build/stm32g0xx_hal_uart.o
__bss_end__                                       c:/users/administrator/documents/toolstm/arm/bin/../lib/gcc/arm-none-eabi/10.3.1/../../../../arm-none-eabi/lib/thumb/v6-m/nofp/crt0.o
__bss_start__                                     c:/users/administrator/documents/toolstm/arm/bin/../lib/gcc/arm-none-eabi/10.3.1/../../../../arm-none-eabi/lib/thumb/v6-m/nofp/crt0.o
__call_exitprocs                                  c:/users/administrator/documents/toolstm/arm/bin/../lib/gcc/arm-none-eabi/10.3.1/../../../../arm-none-eabi/lib/thumb/v6-m/nofp\libc_nano.a(lib_a-exit.o)
__clzdi2                                          c:/users/administrator/documents/toolstm/arm/bin/../lib/gcc/arm-none-eabi/10.3.1/thumb/v6-m/nofp\libgcc.a(_clzdi2.o)
                                                  c:/users/administrator/documents/toolstm/arm/bin/../lib/gcc/arm-none-eabi/10.3.1/thumb/v6-m/nofp\libgcc.a(_udivmoddi4.o)
__clzsi2                                          c:/users/administrator/documents/toolstm/arm/bin/../lib/gcc/arm-none-eabi/10.3.1/thumb/v6-m/nofp\libgcc.a(_clzsi2.o)
                                                  c:/users/administrator/documents/toolstm/arm/bin/../lib/gcc/arm-none-eabi/10.3.1/thumb/v6-m/nofp\libgcc.a(_clzdi2.o)
__deregister_frame_info                           c:/users/administrator/documents/toolstm/arm/bin/../lib/gcc/arm-none-eabi/10.3.1/thumb/v6-m/nofp/crtbegin.o
__divsi3                                          c:/users/administrator/documents/toolstm/arm/bin/../lib/gcc/arm-none-eabi/10.3.1/thumb/v6-m/nofp\libgcc.a(_divsi3.o)
__dso_handle                                      c:/users/administrator/documents/toolstm/arm/bin/../lib/gcc/arm-none-eabi/10.3.1/thumb/v6-m/nofp/crtbegin.o
__init_array_end                                  c:/users/administrator/documents/toolstm/arm/bin/../lib/gcc/arm-none-eabi/10.3.1/../../../../arm-none-eabi/lib/thumb/v6-m/nofp\libc_nano.a(lib_a-init.o)
__init_array_start                                c:/users/administrator/documents/toolstm/arm/bin/../lib/gcc/arm-none-eabi/10.3.1/../../../../arm-none-eabi/lib/thumb/v6-m/nofp\libc_nano.a(lib_a-init.o)
__libc_fini_array                                 c:/users/administrator/documents/toolstm/arm/bin/../lib/gcc/arm-none-eabi/10.3.1/../../../../arm-none-eabi/lib/thumb/v6-m/nofp/crt0.o
__libc_init_array                                 c:/users/administrator/documents/toolstm/arm/bin/../lib/gcc/arm-none-eabi/10.3.1/../../../../arm-none-eabi/lib/thumb/v6-m/nofp\libc_nano.a(lib_a-init.o)
                                                  build/startup_stm32g0b1xx.o
                                                  c:/users/administrator/documents/toolstm/arm/bin/../lib/gcc/arm-none-eabi/10.3.1/../../../../arm-none-eabi/lib/thumb/v6-m/nofp/crt0.o
__preinit_array_end                               c:/users/administrator/documents/toolstm/arm/bin/../lib/gcc/arm-none-eabi/10.3.1/../../../../arm-none-eabi/lib/thumb/v6-m/nofp\libc_nano.a(lib_a-init.o)
__preinit_array_start                             c:/users/administrator/documents/toolstm/arm/bin/../lib/gcc/arm-none-eabi/10.3.1/../../../../arm-none-eabi/lib/thumb/v6-m/nofp\libc_nano.a(lib_a-init.o)
__register_frame_info                             c:/users/administrator/documents/toolstm/arm/bin/../lib/gcc/arm-none-eabi/10.3.1/thumb/v6-m/nofp/crtbegin.o
__sf_fake_stderr                                  c:/users/administrator/documents/toolstm/arm/bin/../lib/gcc/arm-none-eabi/10.3.1/../../../../arm-none-eabi/lib/thumb/v6-m/nofp\libc_nano.a(lib_a-impure.o)
__sf_fake_stdin                                   c:/users/administrator/documents/toolstm/arm/bin/../lib/gcc/arm-none-eabi/10.3.1/../../../../arm-none-eabi/lib/thumb/v6-m/nofp\libc_nano.a(lib_a-impure.o)
__sf_fake_stdout                                  c:/users/administrator/documents/toolstm/arm/bin/../lib/gcc/arm-none-eabi/10.3.1/../../../../arm-none-eabi/lib/thumb/v6-m/nofp\libc_nano.a(lib_a-impure.o)
__stack                                           c:/users/administrator/documents/toolstm/arm/bin/../lib/gcc/arm-none-eabi/10.3.1/../../../../arm-none-eabi/lib/thumb/v6-m/nofp/crt0.o
__udivmoddi4                                      c:/users/administrator/documents/toolstm/arm/bin/../lib/gcc/arm-none-eabi/10.3.1/thumb/v6-m/nofp\libgcc.a(_udivmoddi4.o)
                                                  c:/users/administrator/documents/toolstm/arm/bin/../lib/gcc/arm-none-eabi/10.3.1/thumb/v6-m/nofp\libgcc.a(_aeabi_uldivmod.o)
__udivsi3                                         c:/users/administrator/documents/toolstm/arm/bin/../lib/gcc/arm-none-eabi/10.3.1/thumb/v6-m/nofp\libgcc.a(_udivsi3.o)
_ebss                                             build/startup_stm32g0b1xx.o
_edata                                            build/startup_stm32g0b1xx.o
_estack                                           build/startup_stm32g0b1xx.o
_exit                                             c:/users/administrator/documents/toolstm/arm/bin/../lib/gcc/arm-none-eabi/10.3.1/../../../../arm-none-eabi/lib/thumb/v6-m/nofp\libnosys.a(_exit.o)
                                                  c:/users/administrator/documents/toolstm/arm/bin/../lib/gcc/arm-none-eabi/10.3.1/../../../../arm-none-eabi/lib/thumb/v6-m/nofp\libc_nano.a(lib_a-exit.o)
_fini                                             c:/users/administrator/documents/toolstm/arm/bin/../lib/gcc/arm-none-eabi/10.3.1/thumb/v6-m/nofp/crti.o
_global_impure_ptr                                c:/users/administrator/documents/toolstm/arm/bin/../lib/gcc/arm-none-eabi/10.3.1/../../../../arm-none-eabi/lib/thumb/v6-m/nofp\libc_nano.a(lib_a-impure.o)
                                                  c:/users/administrator/documents/toolstm/arm/bin/../lib/gcc/arm-none-eabi/10.3.1/../../../../arm-none-eabi/lib/thumb/v6-m/nofp\libc_nano.a(lib_a-exit.o)
_impure_ptr                                       c:/users/administrator/documents/toolstm/arm/bin/../lib/gcc/arm-none-eabi/10.3.1/../../../../arm-none-eabi/lib/thumb/v6-m/nofp\libc_nano.a(lib_a-impure.o)
_init                                             c:/users/administrator/documents/toolstm/arm/bin/../lib/gcc/arm-none-eabi/10.3.1/thumb/v6-m/nofp/crti.o
                                                  c:/users/administrator/documents/toolstm/arm/bin/../lib/gcc/arm-none-eabi/10.3.1/../../../../arm-none-eabi/lib/thumb/v6-m/nofp\libc_nano.a(lib_a-init.o)
_mainCRTStartup                                   c:/users/administrator/documents/toolstm/arm/bin/../lib/gcc/arm-none-eabi/10.3.1/../../../../arm-none-eabi/lib/thumb/v6-m/nofp/crt0.o
_sbss                                             build/startup_stm32g0b1xx.o
_sdata                                            build/startup_stm32g0b1xx.o
_sidata                                           build/startup_stm32g0b1xx.o
_stack_init                                       c:/users/administrator/documents/toolstm/arm/bin/../lib/gcc/arm-none-eabi/10.3.1/../../../../arm-none-eabi/lib/thumb/v6-m/nofp/crt0.o
_start                                            c:/users/administrator/documents/toolstm/arm/bin/../lib/gcc/arm-none-eabi/10.3.1/../../../../arm-none-eabi/lib/thumb/v6-m/nofp/crt0.o
atexit                                            c:/users/administrator/documents/toolstm/arm/bin/../lib/gcc/arm-none-eabi/10.3.1/../../../../arm-none-eabi/lib/thumb/v6-m/nofp/crt0.o
exit                                              c:/users/administrator/documents/toolstm/arm/bin/../lib/gcc/arm-none-eabi/10.3.1/../../../../arm-none-eabi/lib/thumb/v6-m/nofp\libc_nano.a(lib_a-exit.o)
                                                  c:/users/administrator/documents/toolstm/arm/bin/../lib/gcc/arm-none-eabi/10.3.1/../../../../arm-none-eabi/lib/thumb/v6-m/nofp/crt0.o
g_pfnVectors                                      build/startup_stm32g0b1xx.o
hardware_init_hook                                c:/users/administrator/documents/toolstm/arm/bin/../lib/gcc/arm-none-eabi/10.3.1/../../../../arm-none-eabi/lib/thumb/v6-m/nofp/crt0.o
htim2                                             build/main.o
htim3                                             build/main.o
                                                  build/stm32g0xx_it.o
huart2                                            build/main.o
main                                              build/main.o
                                                  build/startup_stm32g0b1xx.o
                                                  c:/users/administrator/documents/toolstm/arm/bin/../lib/gcc/arm-none-eabi/10.3.1/../../../../arm-none-eabi/lib/thumb/v6-m/nofp/crt0.o
memset                                            c:/users/administrator/documents/toolstm/arm/bin/../lib/gcc/arm-none-eabi/10.3.1/../../../../arm-none-eabi/lib/thumb/v6-m/nofp\libc_nano.a(lib_a-memset.o)
                                                  build/stm32g0xx_hal_msp.o
                                                  build/main.o
                                                  c:/users/administrator/documents/toolstm/arm/bin/../lib/gcc/arm-none-eabi/10.3.1/../../../../arm-none-eabi/lib/thumb/v6-m/nofp/crt0.o
pFlash                                            build/stm32g0xx_hal_flash.o
                                                  build/stm32g0xx_hal_flash_ex.o
software_init_hook                                c:/users/administrator/documents/toolstm/arm/bin/../lib/gcc/arm-none-eabi/10.3.1/../../../../arm-none-eabi/lib/thumb/v6-m/nofp/crt0.o
uwTick                                            build/stm32g0xx_hal.o
uwTickFreq                                        build/stm32g0xx_hal.o
uwTickPrio                                        build/stm32g0xx_hal.o
                                                  build/stm32g0xx_hal_rcc.o
